Component: ARM Compiler 6.13.1 Tool: armlink [5d895400]

==============================================================================

Section Cross References

    startup_stm32f411xe.o(RESET) refers to startup_stm32f411xe.o(STACK) for __initial_sp
    startup_stm32f411xe.o(RESET) refers to startup_stm32f411xe.o(.text) for Reset_Handler
    startup_stm32f411xe.o(RESET) refers to stm32f4xx_it.o(.text.NMI_Handler) for NMI_Handler
    startup_stm32f411xe.o(RESET) refers to stm32f4xx_it.o(.text.HardFault_Handler) for HardFault_Handler
    startup_stm32f411xe.o(RESET) refers to stm32f4xx_it.o(.text.MemManage_Handler) for MemManage_Handler
    startup_stm32f411xe.o(RESET) refers to stm32f4xx_it.o(.text.BusFault_Handler) for BusFault_Handler
    startup_stm32f411xe.o(RESET) refers to stm32f4xx_it.o(.text.UsageFault_Handler) for UsageFault_Handler
    startup_stm32f411xe.o(RESET) refers to stm32f4xx_it.o(.text.SVC_Handler) for SVC_Handler
    startup_stm32f411xe.o(RESET) refers to stm32f4xx_it.o(.text.DebugMon_Handler) for DebugMon_Handler
    startup_stm32f411xe.o(RESET) refers to stm32f4xx_it.o(.text.PendSV_Handler) for PendSV_Handler
    startup_stm32f411xe.o(RESET) refers to stm32f4xx_it.o(.text.SysTick_Handler) for SysTick_Handler
    startup_stm32f411xe.o(RESET) refers to stm32f4xx_it.o(.text.OTG_FS_IRQHandler) for OTG_FS_IRQHandler
    startup_stm32f411xe.o(.text) refers to system_stm32f4xx.o(.text.SystemInit) for SystemInit
    startup_stm32f411xe.o(.text) refers to entry.o(.ARM.Collect$$$$00000000) for __main
    hid_bootloader.o(.ARM.exidx.text.mcuGetFlashSize) refers to hid_bootloader.o(.text.mcuGetFlashSize) for [Anonymous Symbol]
    hid_bootloader.o(.text.hid_bootloader_Init) refers to stm32f4xx_hal_flash.o(.text.HAL_FLASH_Unlock) for HAL_FLASH_Unlock
    hid_bootloader.o(.text.hid_bootloader_Init) refers to stm32f4xx_hal_flash.o(.text.HAL_FLASH_Program) for HAL_FLASH_Program
    hid_bootloader.o(.text.hid_bootloader_Init) refers to stm32f4xx_hal_flash.o(.text.HAL_FLASH_Lock) for HAL_FLASH_Lock
    hid_bootloader.o(.text.hid_bootloader_Init) refers to stm32f4xx_hal_gpio.o(.text.HAL_GPIO_TogglePin) for HAL_GPIO_TogglePin
    hid_bootloader.o(.text.hid_bootloader_Init) refers to stm32f4xx_hal.o(.text.HAL_Delay) for HAL_Delay
    hid_bootloader.o(.text.hid_bootloader_Init) refers to stm32f4xx_hal_gpio.o(.text.HAL_GPIO_ReadPin) for HAL_GPIO_ReadPin
    hid_bootloader.o(.text.hid_bootloader_Init) refers to hid_bootloader.o(.text.hid_bootloader_GotoApp) for hid_bootloader_GotoApp
    hid_bootloader.o(.text.hid_bootloader_Init) refers to hid_bootloader.o(.bss.updateflag) for updateflag
    hid_bootloader.o(.ARM.exidx.text.hid_bootloader_Init) refers to hid_bootloader.o(.text.hid_bootloader_Init) for [Anonymous Symbol]
    hid_bootloader.o(.text.hid_bootloader_GotoApp) refers to stm32f4xx_hal_gpio.o(.text.HAL_GPIO_DeInit) for HAL_GPIO_DeInit
    hid_bootloader.o(.ARM.exidx.text.hid_bootloader_GotoApp) refers to hid_bootloader.o(.text.hid_bootloader_GotoApp) for [Anonymous Symbol]
    hid_bootloader.o(.text.hid_bootloader_Run) refers to memcmp.o(.text) for memcmp
    hid_bootloader.o(.text.hid_bootloader_Run) refers to memcpya.o(.text) for __aeabi_memcpy
    hid_bootloader.o(.text.hid_bootloader_Run) refers to hid_bootloader.o(.text.write_flash_sector) for write_flash_sector
    hid_bootloader.o(.text.hid_bootloader_Run) refers to memseta.o(.text) for __aeabi_memclr
    hid_bootloader.o(.text.hid_bootloader_Run) refers to usbd_customhid.o(.text.USBD_CUSTOM_HID_SendReport) for USBD_CUSTOM_HID_SendReport
    hid_bootloader.o(.text.hid_bootloader_Run) refers to stm32f4xx_hal.o(.text.HAL_Delay) for HAL_Delay
    hid_bootloader.o(.text.hid_bootloader_Run) refers to usbd_conf.o(.text.USBD_LL_Stop) for USBD_LL_Stop
    hid_bootloader.o(.text.hid_bootloader_Run) refers to stm32f4xx_hal_cortex.o(.text.HAL_NVIC_SystemReset) for HAL_NVIC_SystemReset
    hid_bootloader.o(.text.hid_bootloader_Run) refers to stm32f4xx_hal.o(.text.HAL_GetDEVID) for HAL_GetDEVID
    hid_bootloader.o(.text.hid_bootloader_Run) refers to printf5.o(i.__0sprintf$5) for __2sprintf
    hid_bootloader.o(.text.hid_bootloader_Run) refers to stm32f4xx_hal_flash.o(.text.HAL_FLASH_Unlock) for HAL_FLASH_Unlock
    hid_bootloader.o(.text.hid_bootloader_Run) refers to stm32f4xx_hal_flash_ex.o(.text.HAL_FLASHEx_Erase) for HAL_FLASHEx_Erase
    hid_bootloader.o(.text.hid_bootloader_Run) refers to stm32f4xx_hal_flash.o(.text.HAL_FLASH_Lock) for HAL_FLASH_Lock
    hid_bootloader.o(.text.hid_bootloader_Run) refers to hid_bootloader.o(.bss..L_MergedGlobals.4) for [Anonymous Symbol]
    hid_bootloader.o(.text.hid_bootloader_Run) refers to hid_bootloader.o(.data..L_MergedGlobals) for [Anonymous Symbol]
    hid_bootloader.o(.text.hid_bootloader_Run) refers to hid_bootloader.o(.bss.pageData) for [Anonymous Symbol]
    hid_bootloader.o(.text.hid_bootloader_Run) refers to hid_bootloader.o(.bss.USB_TX_Buffer) for USB_TX_Buffer
[...]
    [Anonymous Symbol]                       0x080021d4   Section        0  usbd_desc.o(.text.USBD_FS_DeviceDescriptor)
    __arm_cp.0_0                             0x080021dc   Number         4  usbd_desc.o(.text.USBD_FS_DeviceDescriptor)
    [Anonymous Symbol]                       0x080021e0   Section        0  usbd_desc.o(.text.USBD_FS_InterfaceStrDescriptor)
    [Anonymous Symbol]                       0x08002214   Section        0  usbd_desc.o(.text.USBD_FS_LangIDStrDescriptor)
    __arm_cp.1_0                             0x0800221c   Number         4  usbd_desc.o(.text.USBD_FS_LangIDStrDescriptor)
    [Anonymous Symbol]                       0x08002220   Section        0  usbd_desc.o(.text.USBD_FS_ManufacturerStrDescriptor)
    [Anonymous Symbol]                       0x0800223c   Section        0  usbd_desc.o(.text.USBD_FS_ProductStrDescriptor)
    __arm_cp.3_1                             0x0800226c   Number         4  usbd_desc.o(.text.USBD_FS_ProductStrDescriptor)
    [Anonymous Symbol]                       0x08002270   Section        0  usbd_desc.o(.text.USBD_FS_SerialStrDescriptor)
    __arm_cp.4_0                             0x0800229c   Number         4  usbd_desc.o(.text.USBD_FS_SerialStrDescriptor)
    __arm_cp.4_1                             0x080022a0   Number         4  usbd_desc.o(.text.USBD_FS_SerialStrDescriptor)
    [Anonymous Symbol]                       0x080022a4   Section        0  usbd_ctlreq.o(.text.USBD_GetString)
    [Anonymous Symbol]                       0x080022e4   Section        0  usbd_conf.o(.text.USBD_Get_USB_Status)
    __arm_cp.15_0                            0x080022f8   Number         4  usbd_conf.o(.text.USBD_Get_USB_Status)
    [Anonymous Symbol]                       0x080022fc   Section        0  usbd_core.o(.text.USBD_Init)
    [Anonymous Symbol]                       0x08002326   Section        0  usbd_conf.o(.text.USBD_LL_ClearStallEP)
    [Anonymous Symbol]                       0x08002338   Section        0  usbd_conf.o(.text.USBD_LL_CloseEP)
    [Anonymous Symbol]                       0x0800234a   Section        0  usbd_core.o(.text.USBD_LL_DataInStage)
    [Anonymous Symbol]                       0x08002408   Section        0  usbd_core.o(.text.USBD_LL_DataOutStage)
    [Anonymous Symbol]                       0x08002486   Section        0  usbd_core.o(.text.USBD_LL_DevConnected)
    [Anonymous Symbol]                       0x0800248a   Section        0  usbd_core.o(.text.USBD_LL_DevDisconnected)
    [Anonymous Symbol]                       0x080024a0   Section        0  usbd_conf.o(.text.USBD_LL_Init)
    __arm_cp.13_0                            0x080024fc   Number         4  usbd_conf.o(.text.USBD_LL_Init)
    [Anonymous Symbol]                       0x08002500   Section        0  usbd_conf.o(.text.USBD_LL_IsStallEP)
    [Anonymous Symbol]                       0x08002520   Section        0  usbd_core.o(.text.USBD_LL_IsoINIncomplete)
    [Anonymous Symbol]                       0x08002524   Section        0  usbd_core.o(.text.USBD_LL_IsoOUTIncomplete)
    [Anonymous Symbol]                       0x08002528   Section        0  usbd_conf.o(.text.USBD_LL_OpenEP)
    [Anonymous Symbol]                       0x08002540   Section        0  usbd_conf.o(.text.USBD_LL_PrepareReceive)
    [Anonymous Symbol]                       0x08002552   Section        0  usbd_core.o(.text.USBD_LL_Reset)
    [Anonymous Symbol]                       0x080025a2   Section        0  usbd_core.o(.text.USBD_LL_Resume)
    [Anonymous Symbol]                       0x080025ae   Section        0  usbd_core.o(.text.USBD_LL_SOF)
    [Anonymous Symbol]                       0x080025c6   Section        0  usbd_core.o(.text.USBD_LL_SetSpeed)
    [Anonymous Symbol]                       0x080025cc   Section        0  usbd_conf.o(.text.USBD_LL_SetUSBAddress)
    [Anonymous Symbol]                       0x080025de   Section        0  usbd_core.o(.text.USBD_LL_SetupStage)
    [Anonymous Symbol]                       0x08002634   Section        0  usbd_conf.o(.text.USBD_LL_StallEP)
    [Anonymous Symbol]                       0x08002646   Section        0  usbd_conf.o(.text.USBD_LL_Start)
    [Anonymous Symbol]                       0x08002658   Section        0  usbd_conf.o(.text.USBD_LL_Stop)
    [Anonymous Symbol]                       0x0800266a   Section        0  usbd_core.o(.text.USBD_LL_Suspend)
    [Anonymous Symbol]                       0x0800267c   Section        0  usbd_conf.o(.text.USBD_LL_Transmit)
    [Anonymous Symbol]                       0x0800268e   Section        0  usbd_ctlreq.o(.text.USBD_ParseSetupRequest)
    [Anonymous Symbol]                       0x080026a4   Section        0  usbd_core.o(.text.USBD_RegisterClass)
    [Anonymous Symbol]                       0x080026b2   Section        0  usbd_core.o(.text.USBD_SetClassConfig)
    [Anonymous Symbol]                       0x080026cc   Section        0  usbd_core.o(.text.USBD_Start)
    [Anonymous Symbol]                       0x080026d8   Section        0  usbd_ctlreq.o(.text.USBD_StdDevReq)
    __arm_cp.0_0                             0x08002934   Number         4  usbd_ctlreq.o(.text.USBD_StdDevReq)
    [Anonymous Symbol]                       0x08002938   Section        0  usbd_ctlreq.o(.text.USBD_StdEPReq)
    [Anonymous Symbol]                       0x08002a76   Section        0  usbd_ctlreq.o(.text.USBD_StdItfReq)
    [Anonymous Symbol]                       0x08002ac4   Section        0  stm32f4xx_ll_usb.o(.text.USB_ActivateEndpoint)
    __arm_cp.11_0                            0x08002b3c   Number         4  stm32f4xx_ll_usb.o(.text.USB_ActivateEndpoint)
    [Anonymous Symbol]                       0x08002b40   Section        0  stm32f4xx_ll_usb.o(.text.USB_ActivateSetup)
    [Anonymous Symbol]                       0x08002b78   Section        0  stm32f4xx_ll_usb.o(.text.USB_CoreInit)
    __arm_cp.0_0                             0x08002be8   Number         4  stm32f4xx_ll_usb.o(.text.USB_CoreInit)
    USB_CoreReset                            0x08002bed   Thumb Code    48  stm32f4xx_ll_usb.o(.text.USB_CoreReset)
    [Anonymous Symbol]                       0x08002bec   Section        0  stm32f4xx_ll_usb.o(.text.USB_CoreReset)
    __arm_cp.1_0                             0x08002c18   Number         4  stm32f4xx_ll_usb.o(.text.USB_CoreReset)
    [Anonymous Symbol]                       0x08002c1c   Section        0  stm32f4xx_ll_usb.o(.text.USB_DeactivateEndpoint)
    __arm_cp.13_0                            0x08002c8c   Number         4  stm32f4xx_ll_usb.o(.text.USB_DeactivateEndpoint)
    __arm_cp.13_1                            0x08002c90   Number         4  stm32f4xx_ll_usb.o(.text.USB_DeactivateEndpoint)
    [Anonymous Symbol]                       0x08002c94   Section        0  stm32f4xx_ll_usb.o(.text.USB_DevConnect)
    [Anonymous Symbol]                       0x08002cac   Section        0  stm32f4xx_ll_usb.o(.text.USB_DevDisconnect)
    [Anonymous Symbol]                       0x08002cc4   Section        0  stm32f4xx_ll_usb.o(.text.USB_DevInit)
    __arm_cp.6_0                             0x08002e60   Number         4  stm32f4xx_ll_usb.o(.text.USB_DevInit)
    __arm_cp.6_1                             0x08002e64   Number         4  stm32f4xx_ll_usb.o(.text.USB_DevInit)
    __arm_cp.6_2                             0x08002e68   Number         4  stm32f4xx_ll_usb.o(.text.USB_DevInit)
    __arm_cp.6_3                             0x08002e6c   Number         4  stm32f4xx_ll_usb.o(.text.USB_DevInit)
    [Anonymous Symbol]                       0x08002e70   Section        0  stm32f4xx_ll_usb.o(.text.USB_DisableGlobalInt)
    [Anonymous Symbol]                       0x08002e7c   Section        0  stm32f4xx_ll_usb.o(.text.USB_EP0StartXfer)
    __arm_cp.17_0                            0x08002f58   Number         4  stm32f4xx_ll_usb.o(.text.USB_EP0StartXfer)
    __arm_cp.17_1                            0x08002f5c   Number         4  stm32f4xx_ll_usb.o(.text.USB_EP0StartXfer)
    [Anonymous Symbol]                       0x08002f60   Section        0  stm32f4xx_ll_usb.o(.text.USB_EP0_OutStart)
    __arm_cp.33_0                            0x08002fb4   Number         4  stm32f4xx_ll_usb.o(.text.USB_EP0_OutStart)
    [Anonymous Symbol]                       0x08002fb8   Section        0  stm32f4xx_ll_usb.o(.text.USB_EPClearStall)
    [Anonymous Symbol]                       0x08002fe8   Section        0  stm32f4xx_ll_usb.o(.text.USB_EPSetStall)
    [Anonymous Symbol]                       0x08003020   Section        0  stm32f4xx_ll_usb.o(.text.USB_EPStartXfer)
    __arm_cp.15_0                            0x08003178   Number         4  stm32f4xx_ll_usb.o(.text.USB_EPStartXfer)
    [Anonymous Symbol]                       0x0800317c   Section        0  stm32f4xx_ll_usb.o(.text.USB_EnableGlobalInt)
    [Anonymous Symbol]                       0x08003188   Section        0  stm32f4xx_ll_usb.o(.text.USB_FlushRxFifo)
    [Anonymous Symbol]                       0x080031a4   Section        0  stm32f4xx_ll_usb.o(.text.USB_FlushTxFifo)
    __arm_cp.8_0                             0x080031c0   Number         4  stm32f4xx_ll_usb.o(.text.USB_FlushTxFifo)
    [Anonymous Symbol]                       0x080031c4   Section        0  stm32f4xx_ll_usb.o(.text.USB_GetDevSpeed)
    [Anonymous Symbol]                       0x080031e0   Section        0  stm32f4xx_ll_usb.o(.text.USB_GetMode)
    [Anonymous Symbol]                       0x080031e8   Section        0  stm32f4xx_ll_usb.o(.text.USB_ReadDevAllInEpInterrupt)
    [Anonymous Symbol]                       0x080031f6   Section        0  stm32f4xx_ll_usb.o(.text.USB_ReadDevAllOutEpInterrupt)
    [Anonymous Symbol]                       0x08003204   Section        0  stm32f4xx_ll_usb.o(.text.USB_ReadDevInEPInterrupt)
    [Anonymous Symbol]                       0x08003228   Section        0  stm32f4xx_ll_usb.o(.text.USB_ReadDevOutEPInterrupt)
    [Anonymous Symbol]                       0x08003238   Section        0  stm32f4xx_ll_usb.o(.text.USB_ReadInterrupts)
    [Anonymous Symbol]                       0x08003240   Section        0  stm32f4xx_ll_usb.o(.text.USB_ReadPacket)
    [Anonymous Symbol]                       0x0800325a   Section        0  stm32f4xx_ll_usb.o(.text.USB_SetCurrentMode)
    [Anonymous Symbol]                       0x08003288   Section        0  stm32f4xx_ll_usb.o(.text.USB_SetDevAddress)
    [Anonymous Symbol]                       0x080032a8   Section        0  stm32f4xx_ll_usb.o(.text.USB_SetTurnaroundTime)
    __arm_cp.2_0                             0x08003350   Number         4  stm32f4xx_ll_usb.o(.text.USB_SetTurnaroundTime)
    __arm_cp.2_1                             0x08003354   Number         4  stm32f4xx_ll_usb.o(.text.USB_SetTurnaroundTime)
    __arm_cp.2_2                             0x08003358   Number         4  stm32f4xx_ll_usb.o(.text.USB_SetTurnaroundTime)
    __arm_cp.2_3                             0x0800335c   Number         4  stm32f4xx_ll_usb.o(.text.USB_SetTurnaroundTime)
    __arm_cp.2_4                             0x08003360   Number         4  stm32f4xx_ll_usb.o(.text.USB_SetTurnaroundTime)
    __arm_cp.2_5                             0x08003364   Number         4  stm32f4xx_ll_usb.o(.text.USB_SetTurnaroundTime)
    __arm_cp.2_6                             0x08003368   Number         4  stm32f4xx_ll_usb.o(.text.USB_SetTurnaroundTime)
    __arm_cp.2_7                             0x0800336c   Number         4  stm32f4xx_ll_usb.o(.text.USB_SetTurnaroundTime)
    __arm_cp.2_8                             0x08003370   Number         4  stm32f4xx_ll_usb.o(.text.USB_SetTurnaroundTime)
    __arm_cp.2_9                             0x08003374   Number         4  stm32f4xx_ll_usb.o(.text.USB_SetTurnaroundTime)
    __arm_cp.2_10                            0x08003378   Number         4  stm32f4xx_ll_usb.o(.text.USB_SetTurnaroundTime)
    __arm_cp.2_11                            0x0800337c   Number         4  stm32f4xx_ll_usb.o(.text.USB_SetTurnaroundTime)
    __arm_cp.2_12                            0x08003380   Number         4  stm32f4xx_ll_usb.o(.text.USB_SetTurnaroundTime)
    __arm_cp.2_13                            0x08003384   Number         4  stm32f4xx_ll_usb.o(.text.USB_SetTurnaroundTime)
    __arm_cp.2_14                            0x08003388   Number         4  stm32f4xx_ll_usb.o(.text.USB_SetTurnaroundTime)
    __arm_cp.2_15                            0x0800338c   Number         4  stm32f4xx_ll_usb.o(.text.USB_SetTurnaroundTime)
    __arm_cp.2_16                            0x08003390   Number         4  stm32f4xx_ll_usb.o(.text.USB_SetTurnaroundTime)
    __arm_cp.2_17                            0x08003394   Number         4  stm32f4xx_ll_usb.o(.text.USB_SetTurnaroundTime)
    [Anonymous Symbol]                       0x08003398   Section        0  stm32f4xx_ll_usb.o(.text.USB_StopDevice)
    __arm_cp.21_0                            0x080033d8   Number         4  stm32f4xx_ll_usb.o(.text.USB_StopDevice)
    [Anonymous Symbol]                       0x080033dc   Section        0  stm32f4xx_ll_usb.o(.text.USB_WritePacket)
    [Anonymous Symbol]                       0x080033fc   Section        0  stm32f4xx_it.o(.text.UsageFault_Handler)
    __NVIC_SetPriority                       0x08003401   Thumb Code    36  stm32f4xx_hal_cortex.o(.text.__NVIC_SetPriority)
    [Anonymous Symbol]                       0x08003400   Section        0  stm32f4xx_hal_cortex.o(.text.__NVIC_SetPriority)
    __arm_cp.2_0                             0x0800341c   Number         4  stm32f4xx_hal_cortex.o(.text.__NVIC_SetPriority)
    __arm_cp.2_1                             0x08003420   Number         4  stm32f4xx_hal_cortex.o(.text.__NVIC_SetPriority)
    __NVIC_SystemReset                       0x08003425   Thumb Code    36  stm32f4xx_hal_cortex.o(.text.__NVIC_SystemReset)
    [Anonymous Symbol]                       0x08003424   Section        0  stm32f4xx_hal_cortex.o(.text.__NVIC_SystemReset)
    __arm_cp.6_0                             0x08003440   Number         4  stm32f4xx_hal_cortex.o(.text.__NVIC_SystemReset)
    __arm_cp.6_1                             0x08003444   Number         4  stm32f4xx_hal_cortex.o(.text.__NVIC_SystemReset)
    [Anonymous Symbol]                       0x08003448   Section        0  hid_bootloader.o(.text.hid_bootloader_GotoApp)
    __arm_cp.2_1                             0x08003474   Number         4  hid_bootloader.o(.text.hid_bootloader_GotoApp)
    __arm_cp.2_2                             0x08003478   Number         4  hid_bootloader.o(.text.hid_bootloader_GotoApp)
    [Anonymous Symbol]                       0x0800347c   Section        0  hid_bootloader.o(.text.hid_bootloader_Init)
    __arm_cp.1_1                             0x080034f4   Number         4  hid_bootloader.o(.text.hid_bootloader_Init)
    __arm_cp.1_2                             0x080034f8   Number         4  hid_bootloader.o(.text.hid_bootloader_Init)
    __arm_cp.1_3                             0x080034fc   Number         4  hid_bootloader.o(.text.hid_bootloader_Init)
    __arm_cp.1_4                             0x08003500   Number         4  hid_bootloader.o(.text.hid_bootloader_Init)
    [Anonymous Symbol]                       0x08003504   Section        0  hid_bootloader.o(.text.hid_bootloader_Run)
    __arm_cp.3_0                             0x08003670   Number         4  hid_bootloader.o(.text.hid_bootloader_Run)
    __arm_cp.3_1                             0x08003674   Number         4  hid_bootloader.o(.text.hid_bootloader_Run)
    __arm_cp.3_2                             0x08003678   Number         4  hid_bootloader.o(.text.hid_bootloader_Run)
    __arm_cp.3_3                             0x0800367c   Number         4  hid_bootloader.o(.text.hid_bootloader_Run)
    __arm_cp.3_4                             0x08003680   Number         4  hid_bootloader.o(.text.hid_bootloader_Run)
    __arm_cp.3_5                             0x08003684   Number         4  hid_bootloader.o(.text.hid_bootloader_Run)
    __arm_cp.3_6                             0x08003688   Number         4  hid_bootloader.o(.text.hid_bootloader_Run)
    __arm_cp.3_7                             0x0800368c   Number         4  hid_bootloader.o(.text.hid_bootloader_Run)
    [Anonymous Symbol]                       0x080036b4   Section        0  key.o(.text.key0_read)
    __arm_cp.0_0                             0x080036c8   Number         4  key.o(.text.key0_read)
    [Anonymous Symbol]                       0x080036cc   Section        0  key.o(.text.key_check_all_loop_1ms)
    __arm_cp.2_0                             0x080038dc   Number         4  key.o(.text.key_check_all_loop_1ms)
    [Anonymous Symbol]                       0x080038e0   Section        0  key.o(.text.key_read_value)
    key_write_value                          0x08003905   Thumb Code    44  key.o(.text.key_write_value)
    [Anonymous Symbol]                       0x08003904   Section        0  key.o(.text.key_write_value)
    __arm_cp.3_0                             0x0800392c   Number         4  key.o(.text.key_write_value)
    [Anonymous Symbol]                       0x08003930   Section        0  main.o(.text.main)
    __arm_cp.0_1                             0x08003a84   Number         4  main.o(.text.main)
    __arm_cp.0_2                             0x08003a88   Number         4  main.o(.text.main)
    write_flash_sector                       0x08003a8d   Thumb Code   136  hid_bootloader.o(.text.write_flash_sector)
    [Anonymous Symbol]                       0x08003a8c   Section        0  hid_bootloader.o(.text.write_flash_sector)
    __arm_cp.4_0                             0x08003b08   Number         4  hid_bootloader.o(.text.write_flash_sector)
    __arm_cp.4_1                             0x08003b0c   Number         4  hid_bootloader.o(.text.write_flash_sector)
    __arm_cp.4_2                             0x08003b10   Number         4  hid_bootloader.o(.text.write_flash_sector)
    i.__0sprintf$5                           0x08003b14   Section        0  printf5.o(i.__0sprintf$5)
    i.__scatterload_copy                     0x08003b3c   Section       14  handlers.o(i.__scatterload_copy)
    i.__scatterload_null                     0x08003b4a   Section        2  handlers.o(i.__scatterload_null)
    i.__scatterload_zeroinit                 0x08003b4c   Section       14  handlers.o(i.__scatterload_zeroinit)
    _printf_core                             0x08003b5d   Thumb Code   658  printf5.o(i._printf_core)
    i._printf_core                           0x08003b5c   Section        0  printf5.o(i._printf_core)
    _sputc                                   0x08003e1d   Thumb Code    10  printf5.o(i._sputc)
    i._sputc                                 0x08003e1c   Section        0  printf5.o(i._sputc)
    i.free                                   0x08003e28   Section        0  malloc.o(i.free)
    i.malloc                                 0x08003e78   Section        0  malloc.o(i.malloc)
    .data                                    0x20000000   Section        4  mvars.o(.data)
    .data                                    0x20000004   Section        4  mvars.o(.data)
    [Anonymous Symbol]                       0x20000008   Section        0  hid_bootloader.o(.data..L_MergedGlobals)
    hid_bootloader_Run.current_Page          0x2000000c   Data           4  hid_bootloader.o(.data..L_MergedGlobals)
    CMD_SIGNATURE                            0x20000010   Data           6  hid_bootloader.o(.data..L_MergedGlobals)
    key_status_short_up_shake.old            0x20000018   Data           2  key.o(.data..L_MergedGlobals)
    [Anonymous Symbol]                       0x20000018   Section        0  key.o(.data..L_MergedGlobals)
    key_status_double_down_shake.old         0x2000001a   Data           2  key.o(.data..L_MergedGlobals)
    key_status_long_up_shake.old             0x2000001c   Data           2  key.o(.data..L_MergedGlobals)
    [Anonymous Symbol]                       0x20000030   Section        0  stm32f4xx_hal.o(.data..L_MergedGlobals)
    CUSTOM_HID_ReportDesc_FS                 0x20000038   Data          20  usbd_custom_hid_if.o(.data.CUSTOM_HID_ReportDesc_FS)
    [Anonymous Symbol]                       0x20000038   Section        0  usbd_custom_hid_if.o(.data.CUSTOM_HID_ReportDesc_FS)
    USBD_CUSTOM_HID_CfgFSDesc                0x200000a4   Data          41  usbd_customhid.o(.data.USBD_CUSTOM_HID_CfgFSDesc)
    [Anonymous Symbol]                       0x200000a4   Section        0  usbd_customhid.o(.data.USBD_CUSTOM_HID_CfgFSDesc)
    USBD_CUSTOM_HID_CfgHSDesc                0x200000d0   Data          41  usbd_customhid.o(.data.USBD_CUSTOM_HID_CfgHSDesc)
    [Anonymous Symbol]                       0x200000d0   Section        0  usbd_customhid.o(.data.USBD_CUSTOM_HID_CfgHSDesc)
    USBD_CUSTOM_HID_Desc                     0x200000fc   Data           9  usbd_customhid.o(.data.USBD_CUSTOM_HID_Desc)
    [Anonymous Symbol]                       0x200000fc   Section        0  usbd_customhid.o(.data.USBD_CUSTOM_HID_Desc)
    USBD_CUSTOM_HID_DeviceQualifierDesc      0x20000108   Data          10  usbd_customhid.o(.data.USBD_CUSTOM_HID_DeviceQualifierDesc)
    [Anonymous Symbol]                       0x20000108   Section        0  usbd_customhid.o(.data.USBD_CUSTOM_HID_DeviceQualifierDesc)
    USBD_CUSTOM_HID_OtherSpeedCfgDesc        0x20000114   Data          41  usbd_customhid.o(.data.USBD_CUSTOM_HID_OtherSpeedCfgDesc)
    [Anonymous Symbol]                       0x20000114   Section        0  usbd_customhid.o(.data.USBD_CUSTOM_HID_OtherSpeedCfgDesc)
    main.timeflag                            0x20000188   Data           1  main.o(.bss..L_MergedGlobals)
    [Anonymous Symbol]                       0x20000188   Section        0  main.o(.bss..L_MergedGlobals)
    main.timecount                           0x20000189   Data           1  main.o(.bss..L_MergedGlobals)
    main.time                                0x2000018a   Data           2  main.o(.bss..L_MergedGlobals)
    [Anonymous Symbol]                       0x20000190   Section        0  hid_bootloader.o(.bss..L_MergedGlobals.4)
    hid_bootloader_Run.currentPageOffset     0x20000192   Data           2  hid_bootloader.o(.bss..L_MergedGlobals.4)
    USBD_SetConfig.cfgidx                    0x200001d4   Data           1  usbd_ctlreq.o(.bss.USBD_SetConfig.cfgidx)
    [Anonymous Symbol]                       0x200001d4   Section        0  usbd_ctlreq.o(.bss.USBD_SetConfig.cfgidx)
    pageData                                 0x20000b00   Data        1024  hid_bootloader.o(.bss.pageData)
    [Anonymous Symbol]                       0x20000b00   Section        0  hid_bootloader.o(.bss.pageData)
    HEAP                                     0x20000f08   Section     2048  startup_stm32f411xe.o(HEAP)
    STACK                                    0x20001708   Section     1024  startup_stm32f411xe.o(STACK)

    Global Symbols

    Symbol Name                              Value     Ov Type        Size  Object(Section)

    BuildAttributes$$THM_ISAv4$E$P$D$K$B$S$7EM$VFPi3$EXTD16$VFPS$VFMA$PE$A:L22UL41UL21$X:L11$S22US41US21$IEEE1$IW$~IW$USESV6$~STKCKD$USESV7$~SHL$OSPACE$ROPI$EBA8$MICROLIB$REQ8$PRES8$EABIv2 0x00000000   Number         0  anon$$obj.o ABSOLUTE
    _printf_a                                0x00000000   Number         0  printfstubs.o ABSOLUTE
    _printf_c                                0x00000000   Number         0  printfstubs.o ABSOLUTE
    _printf_charcount                        0x00000000   Number         0  printfstubs.o ABSOLUTE
    _printf_d                                0x00000000   Number         0  printfstubs.o ABSOLUTE
    _printf_e                                0x00000000   Number         0  printfstubs.o ABSOLUTE
    _printf_f                                0x00000000   Number         0  printfstubs.o ABSOLUTE
    _printf_flags                            0x00000000   Number         0  printfstubs.o ABSOLUTE
    _printf_fp_dec                           0x00000000   Number         0  printfstubs.o ABSOLUTE
    _printf_fp_hex                           0x00000000   Number         0  printfstubs.o ABSOLUTE
    _printf_g                                0x00000000   Number         0  printfstubs.o ABSOLUTE
    _printf_i                                0x00000000   Number         0  printfstubs.o ABSOLUTE
    _printf_int_dec                          0x00000000   Number         0  printfstubs.o ABSOLUTE
    _printf_l                                0x00000000   Number         0  printfstubs.o ABSOLUTE
    _printf_lc                               0x00000000   Number         0  printfstubs.o ABSOLUTE
    _printf_ll                               0x00000000   Number         0  printfstubs.o ABSOLUTE
    _printf_lld                              0x00000000   Number         0  printfstubs.o ABSOLUTE
    _printf_lli                              0x00000000   Number         0  printfstubs.o ABSOLUTE
    _printf_llo                              0x00000000   Number         0  printfstubs.o ABSOLUTE
    _printf_llu                              0x00000000   Number         0  printfstubs.o ABSOLUTE
    _printf_llx                              0x00000000   Number         0  printfstubs.o ABSOLUTE
    _printf_longlong_dec                     0x00000000   Number         0  printfstubs.o ABSOLUTE
    _printf_longlong_hex                     0x00000000   Number         0  printfstubs.o ABSOLUTE
    _printf_longlong_oct                     0x00000000   Number         0  printfstubs.o ABSOLUTE
    _printf_ls                               0x00000000   Number         0  printfstubs.o ABSOLUTE
    _printf_mbtowc                           0x00000000   Number         0  printfstubs.o ABSOLUTE
    _printf_n                                0x00000000   Number         0  printfstubs.o ABSOLUTE
    _printf_o                                0x00000000   Number         0  printfstubs.o ABSOLUTE
    _printf_p                                0x00000000   Number         0  printfstubs.o ABSOLUTE
    _printf_percent                          0x00000000   Number         0  printfstubs.o ABSOLUTE
    _printf_pre_padding                      0x00000000   Number         0  printfstubs.o ABSOLUTE
    _printf_return_value                     0x00000000   Number         0  printfstubs.o ABSOLUTE
    _printf_s                                0x00000000   Number         0  printfstubs.o ABSOLUTE
    _printf_sizespec                         0x00000000   Number         0  printfstubs.o ABSOLUTE
    _printf_str                              0x00000000   Number         0  printfstubs.o ABSOLUTE
    _printf_truncate_signed                  0x00000000   Number         0  printfstubs.o ABSOLUTE
    _printf_truncate_unsigned                0x00000000   Number         0  printfstubs.o ABSOLUTE
    _printf_u                                0x00000000   Number         0  printfstubs.o ABSOLUTE
    _printf_wc                               0x00000000   Number         0  printfstubs.o ABSOLUTE
    _printf_wctomb                           0x00000000   Number         0  printfstubs.o ABSOLUTE
    _printf_widthprec                        0x00000000   Number         0  printfstubs.o ABSOLUTE
    _printf_x                                0x00000000   Number         0  printfstubs.o ABSOLUTE
    __cpp_initialize__aeabi_                  - Undefined Weak Reference
    __cxa_finalize                            - Undefined Weak Reference
    _clock_init                               - Undefined Weak Reference
    _microlib_exit                            - Undefined Weak Reference
    __Vectors_Size                           0x00000198   Number         0  startup_stm32f411xe.o ABSOLUTE
    __Vectors                                0x08000000   Data           4  startup_stm32f411xe.o(RESET)
    __Vectors_End                            0x08000198   Data           0  startup_stm32f411xe.o(RESET)
    __main                                   0x08000199   Thumb Code     0  entry.o(.ARM.Collect$$$$00000000)
    _main_stk                                0x08000199   Thumb Code     0  entry2.o(.ARM.Collect$$$$00000001)
    _main_scatterload                        0x0800019d   Thumb Code     0  entry5.o(.ARM.Collect$$$$00000004)
    __main_after_scatterload                 0x080001a1   Thumb Code     0  entry5.o(.ARM.Collect$$$$00000004)
    _main_clock                              0x080001a1   Thumb Code     0  entry7b.o(.ARM.Collect$$$$00000008)
    _main_cpp_init                           0x080001a1   Thumb Code     0  entry8b.o(.ARM.Collect$$$$0000000A)
    _main_init                               0x080001a1   Thumb Code     0  entry9a.o(.ARM.Collect$$$$0000000B)
    __rt_final_cpp                           0x080001a9   Thumb Code     0  entry10a.o(.ARM.Collect$$$$0000000D)
    __rt_final_exit                          0x080001a9   Thumb Code     0  entry11a.o(.ARM.Collect$$$$0000000F)
    Reset_Handler                            0x080001ad   Thumb Code     8  startup_stm32f411xe.o(.text)
    ADC_IRQHandler                           0x080001c7   Thumb Code     0  startup_stm32f411xe.o(.text)
    DMA1_Stream0_IRQHandler                  0x080001c7   Thumb Code     0  startup_stm32f411xe.o(.text)
    DMA1_Stream1_IRQHandler                  0x080001c7   Thumb Code     0  startup_stm32f411xe.o(.text)
    DMA1_Stream2_IRQHandler                  0x080001c7   Thumb Code     0  startup_stm32f411xe.o(.text)
    DMA1_Stream3_IRQHandler                  0x080001c7   Thumb Code     0  startup_stm32f411xe.o(.text)
    DMA1_Stream4_IRQHandler                  0x080001c7   Thumb Code     0  startup_stm32f411xe.o(.text)
    DMA1_Stream5_IRQHandler                  0x080001c7   Thumb Code     0  startup_stm32f411xe.o(.text)
    DMA1_Stream6_IRQHandler                  0x080001c7   Thumb Code     0  startup_stm32f411xe.o(.text)
    DMA1_Stream7_IRQHandler                  0x080001c7   Thumb Code     0  startup_stm32f411xe.o(.text)
    DMA2_Stream0_IRQHandler                  0x080001c7   Thumb Code     0  startup_stm32f411xe.o(.text)
    DMA2_Stream1_IRQHandler                  0x080001c7   Thumb Code     0  startup_stm32f411xe.o(.text)
    DMA2_Stream2_IRQHandler                  0x080001c7   Thumb Code     0  startup_stm32f411xe.o(.text)
    DMA2_Stream3_IRQHandler                  0x080001c7   Thumb Code     0  startup_stm32f411xe.o(.text)
    DMA2_Stream4_IRQHandler                  0x080001c7   Thumb Code     0  startup_stm32f411xe.o(.text)
    DMA2_Stream5_IRQHandler                  0x080001c7   Thumb Code     0  startup_stm32f411xe.o(.text)
    DMA2_Stream6_IRQHandler                  0x080001c7   Thumb Code     0  startup_stm32f411xe.o(.text)
    DMA2_Stream7_IRQHandler                  0x080001c7   Thumb Code     0  startup_stm32f411xe.o(.text)
    EXTI0_IRQHandler                         0x080001c7   Thumb Code     0  startup_stm32f411xe.o(.text)
    EXTI15_10_IRQHandler                     0x080001c7   Thumb Code     0  startup_stm32f411xe.o(.text)
    EXTI1_IRQHandler                         0x080001c7   Thumb Code     0  startup_stm32f411xe.o(.text)
    EXTI2_IRQHandler                         0x080001c7   Thumb Code     0  startup_stm32f411xe.o(.text)
    EXTI3_IRQHandler                         0x080001c7   Thumb Code     0  startup_stm32f411xe.o(.text)
    EXTI4_IRQHandler                         0x080001c7   Thumb Code     0  startup_stm32f411xe.o(.text)
    EXTI9_5_IRQHandler                       0x080001c7   Thumb Code     0  startup_stm32f411xe.o(.text)
    FLASH_IRQHandler                         0x080001c7   Thumb Code     0  startup_stm32f411xe.o(.text)
    FPU_IRQHandler                           0x080001c7   Thumb Code     0  startup_stm32f411xe.o(.text)
    I2C1_ER_IRQHandler                       0x080001c7   Thumb Code     0  startup_stm32f411xe.o(.text)
    I2C1_EV_IRQHandler                       0x080001c7   Thumb Code     0  startup_stm32f411xe.o(.text)
    I2C2_ER_IRQHandler                       0x080001c7   Thumb Code     0  startup_stm32f411xe.o(.text)
    I2C2_EV_IRQHandler                       0x080001c7   Thumb Code     0  startup_stm32f411xe.o(.text)
    I2C3_ER_IRQHandler                       0x080001c7   Thumb Code     0  startup_stm32f411xe.o(.text)
    I2C3_EV_IRQHandler                       0x080001c7   Thumb Code     0  startup_stm32f411xe.o(.text)
    OTG_FS_WKUP_IRQHandler                   0x080001c7   Thumb Code     0  startup_stm32f411xe.o(.text)
    PVD_IRQHandler                           0x080001c7   Thumb Code     0  startup_stm32f411xe.o(.text)
    RCC_IRQHandler                           0x080001c7   Thumb Code     0  startup_stm32f411xe.o(.text)
    RTC_Alarm_IRQHandler                     0x080001c7   Thumb Code     0  startup_stm32f411xe.o(.text)
    RTC_WKUP_IRQHandler                      0x080001c7   Thumb Code     0  startup_stm32f411xe.o(.text)
    SDIO_IRQHandler                          0x080001c7   Thumb Code     0  startup_stm32f411xe.o(.text)
    SPI1_IRQHandler                          0x080001c7   Thumb Code     0  startup_stm32f411xe.o(.text)
    SPI2_IRQHandler                          0x080001c7   Thumb Code     0  startup_stm32f411xe.o(.text)
    SPI3_IRQHandler                          0x080001c7   Thumb Code     0  startup_stm32f411xe.o(.text)
    SPI4_IRQHandler                          0x080001c7   Thumb Code     0  startup_stm32f411xe.o(.text)
    SPI5_IRQHandler                          0x080001c7   Thumb Code     0  startup_stm32f411xe.o(.text)
    TAMP_STAMP_IRQHandler                    0x080001c7   Thumb Code     0  startup_stm32f411xe.o(.text)
    TIM1_BRK_TIM9_IRQHandler                 0x080001c7   Thumb Code     0  startup_stm32f411xe.o(.text)
    TIM1_CC_IRQHandler                       0x080001c7   Thumb Code     0  startup_stm32f411xe.o(.text)
    TIM1_TRG_COM_TIM11_IRQHandler            0x080001c7   Thumb Code     0  startup_stm32f411xe.o(.text)
    TIM1_UP_TIM10_IRQHandler                 0x080001c7   Thumb Code     0  startup_stm32f411xe.o(.text)
    TIM2_IRQHandler                          0x080001c7   Thumb Code     0  startup_stm32f411xe.o(.text)
    TIM3_IRQHandler                          0x080001c7   Thumb Code     0  startup_stm32f411xe.o(.text)
    TIM4_IRQHandler                          0x080001c7   Thumb Code     0  startup_stm32f411xe.o(.text)
    TIM5_IRQHandler                          0x080001c7   Thumb Code     0  startup_stm32f411xe.o(.text)
    USART1_IRQHandler                        0x080001c7   Thumb Code     0  startup_stm32f411xe.o(.text)
    USART2_IRQHandler                        0x080001c7   Thumb Code     0  startup_stm32f411xe.o(.text)
    USART6_IRQHandler                        0x080001c7   Thumb Code     0  startup_stm32f411xe.o(.text)
    WWDG_IRQHandler                          0x080001c7   Thumb Code     0  startup_stm32f411xe.o(.text)
    __aeabi_uldivmod                         0x080001d1   Thumb Code    98  uldiv.o(.text)
    __aeabi_memcpy                           0x08000233   Thumb Code    36  memcpya.o(.text)
    __aeabi_memcpy4                          0x08000233   Thumb Code     0  memcpya.o(.text)
    __aeabi_memcpy8                          0x08000233   Thumb Code     0  memcpya.o(.text)
    __aeabi_memset                           0x08000257   Thumb Code    14  memseta.o(.text)
    __aeabi_memset4                          0x08000257   Thumb Code     0  memseta.o(.text)
    __aeabi_memset8                          0x08000257   Thumb Code     0  memseta.o(.text)
    __aeabi_memclr                           0x08000265   Thumb Code     4  memseta.o(.text)
    __aeabi_memclr4                          0x08000265   Thumb Code     0  memseta.o(.text)
    __aeabi_memclr8                          0x08000265   Thumb Code     0  memseta.o(.text)
    _memset$wrapper                          0x08000269   Thumb Code    18  memseta.o(.text)
    memcmp                                   0x0800027b   Thumb Code    26  memcmp.o(.text)
    __aeabi_llsl                             0x08000295   Thumb Code    30  llshl.o(.text)
    _ll_shift_l                              0x08000295   Thumb Code     0  llshl.o(.text)
    __aeabi_llsr                             0x080002b3   Thumb Code    32  llushr.o(.text)
    _ll_ushift_r                             0x080002b3   Thumb Code     0  llushr.o(.text)
    __scatterload                            0x080002d5   Thumb Code    28  init.o(.text)
    __scatterload_rt2                        0x080002d5   Thumb Code     0  init.o(.text)
    __decompress                             0x080002f9   Thumb Code     0  __dczerorl2.o(.text)
    __decompress1                            0x080002f9   Thumb Code    86  __dczerorl2.o(.text)
    BusFault_Handler                         0x0800034f   Thumb Code     2  stm32f4xx_it.o(.text.BusFault_Handler)
    DebugMon_Handler                         0x08000385   Thumb Code     2  stm32f4xx_it.o(.text.DebugMon_Handler)
    Error_Handler                            0x08000387   Thumb Code     2  main.o(.text.Error_Handler)
    FLASH_Erase_Sector                       0x08000389   Thumb Code    56  stm32f4xx_hal_flash_ex.o(.text.FLASH_Erase_Sector)
    FLASH_FlushCaches                        0x080003c1   Thumb Code    84  stm32f4xx_hal_flash_ex.o(.text.FLASH_FlushCaches)
    FLASH_WaitForLastOperation               0x08000535   Thumb Code    80  stm32f4xx_hal_flash.o(.text.FLASH_WaitForLastOperation)
    HAL_Delay                                0x08000585   Thumb Code    36  stm32f4xx_hal.o(.text.HAL_Delay)
    HAL_FLASHEx_Erase                        0x080005a9   Thumb Code   156  stm32f4xx_hal_flash_ex.o(.text.HAL_FLASHEx_Erase)
    HAL_FLASH_Lock                           0x08000645   Thumb Code    16  stm32f4xx_hal_flash.o(.text.HAL_FLASH_Lock)
    HAL_FLASH_Program                        0x08000655   Thumb Code   132  stm32f4xx_hal_flash.o(.text.HAL_FLASH_Program)
    HAL_FLASH_Unlock                         0x080006d9   Thumb Code    40  stm32f4xx_hal_flash.o(.text.HAL_FLASH_Unlock)
    HAL_GPIO_DeInit                          0x08000701   Thumb Code   220  stm32f4xx_hal_gpio.o(.text.HAL_GPIO_DeInit)
    HAL_GPIO_Init                            0x080007dd   Thumb Code   396  stm32f4xx_hal_gpio.o(.text.HAL_GPIO_Init)
    HAL_GPIO_ReadPin                         0x08000969   Thumb Code    10  stm32f4xx_hal_gpio.o(.text.HAL_GPIO_ReadPin)
    HAL_GPIO_TogglePin                       0x08000973   Thumb Code    14  stm32f4xx_hal_gpio.o(.text.HAL_GPIO_TogglePin)
    HAL_GPIO_WritePin                        0x08000981   Thumb Code    10  stm32f4xx_hal_gpio.o(.text.HAL_GPIO_WritePin)
    HAL_GetDEVID                             0x0800098d   Thumb Code    16  stm32f4xx_hal.o(.text.HAL_GetDEVID)
    HAL_GetTick                              0x0800099d   Thumb Code     8  stm32f4xx_hal.o(.text.HAL_GetTick)
    HAL_IncTick                              0x080009a5   Thumb Code    20  stm32f4xx_hal.o(.text.HAL_IncTick)
    HAL_Init                                 0x080009b9   Thumb Code    52  stm32f4xx_hal.o(.text.HAL_Init)
    HAL_InitTick                             0x080009ed   Thumb Code    64  stm32f4xx_hal.o(.text.HAL_InitTick)
    HAL_MspInit                              0x08000a2d   Thumb Code    56  stm32f4xx_hal_msp.o(.text.HAL_MspInit)
    HAL_NVIC_EnableIRQ                       0x08000a65   Thumb Code    28  stm32f4xx_hal_cortex.o(.text.HAL_NVIC_EnableIRQ)
    HAL_NVIC_SetPriority                     0x08000a81   Thumb Code    56  stm32f4xx_hal_cortex.o(.text.HAL_NVIC_SetPriority)
    HAL_NVIC_SetPriorityGrouping             0x08000ab9   Thumb Code    32  stm32f4xx_hal_cortex.o(.text.HAL_NVIC_SetPriorityGrouping)
    HAL_NVIC_SystemReset                     0x08000ad9   Thumb Code     4  stm32f4xx_hal_cortex.o(.text.HAL_NVIC_SystemReset)
    HAL_PCDEx_LPM_Callback                   0x08000add   Thumb Code     2  stm32f4xx_hal_pcd_ex.o(.text.HAL_PCDEx_LPM_Callback)
    HAL_PCDEx_SetRxFiFo                      0x08000adf   Thumb Code     8  stm32f4xx_hal_pcd_ex.o(.text.HAL_PCDEx_SetRxFiFo)
    HAL_PCDEx_SetTxFiFo                      0x08000ae7   Thumb Code    64  stm32f4xx_hal_pcd_ex.o(.text.HAL_PCDEx_SetTxFiFo)
    HAL_PCD_ConnectCallback                  0x08000b27   Thumb Code     8  usbd_conf.o(.text.HAL_PCD_ConnectCallback)
    HAL_PCD_DataInStageCallback              0x08000b2f   Thumb Code    18  usbd_conf.o(.text.HAL_PCD_DataInStageCallback)
    HAL_PCD_DataOutStageCallback             0x08000b41   Thumb Code    20  usbd_conf.o(.text.HAL_PCD_DataOutStageCallback)
    HAL_PCD_DisconnectCallback               0x08000b55   Thumb Code     8  usbd_conf.o(.text.HAL_PCD_DisconnectCallback)
    HAL_PCD_EP_Close                         0x08000b5d   Thumb Code    82  stm32f4xx_hal_pcd.o(.text.HAL_PCD_EP_Close)
    HAL_PCD_EP_ClrStall                      0x08000baf   Thumb Code    96  stm32f4xx_hal_pcd.o(.text.HAL_PCD_EP_ClrStall)
    HAL_PCD_EP_Open                          0x08000c0f   Thumb Code   100  stm32f4xx_hal_pcd.o(.text.HAL_PCD_EP_Open)
    HAL_PCD_EP_Receive                       0x08000c73   Thumb Code    66  stm32f4xx_hal_pcd.o(.text.HAL_PCD_EP_Receive)
    HAL_PCD_EP_SetStall                      0x08000cb5   Thumb Code   110  stm32f4xx_hal_pcd.o(.text.HAL_PCD_EP_SetStall)
    HAL_PCD_EP_Transmit                      0x08000d23   Thumb Code    60  stm32f4xx_hal_pcd.o(.text.HAL_PCD_EP_Transmit)
    HAL_PCD_IRQHandler                       0x08000d61   Thumb Code  1562  stm32f4xx_hal_pcd.o(.text.HAL_PCD_IRQHandler)
    HAL_PCD_ISOINIncompleteCallback          0x0800137b   Thumb Code     8  usbd_conf.o(.text.HAL_PCD_ISOINIncompleteCallback)
    HAL_PCD_ISOOUTIncompleteCallback         0x08001383   Thumb Code     8  usbd_conf.o(.text.HAL_PCD_ISOOUTIncompleteCallback)
    HAL_PCD_Init                             0x0800138b   Thumb Code   312  stm32f4xx_hal_pcd.o(.text.HAL_PCD_Init)
    HAL_PCD_MspInit                          0x080014c5   Thumb Code   132  usbd_conf.o(.text.HAL_PCD_MspInit)
    HAL_PCD_ResetCallback                    0x08001549   Thumb Code    36  usbd_conf.o(.text.HAL_PCD_ResetCallback)
    HAL_PCD_ResumeCallback                   0x0800156d   Thumb Code     8  usbd_conf.o(.text.HAL_PCD_ResumeCallback)
    HAL_PCD_SOFCallback                      0x08001575   Thumb Code     8  usbd_conf.o(.text.HAL_PCD_SOFCallback)
    HAL_PCD_SetAddress                       0x0800157d   Thumb Code    40  stm32f4xx_hal_pcd.o(.text.HAL_PCD_SetAddress)
    HAL_PCD_SetupStageCallback               0x080015a5   Thumb Code    14  usbd_conf.o(.text.HAL_PCD_SetupStageCallback)
    HAL_PCD_Start                            0x080015b3   Thumb Code    62  stm32f4xx_hal_pcd.o(.text.HAL_PCD_Start)
    HAL_PCD_Stop                             0x080015f1   Thumb Code    54  stm32f4xx_hal_pcd.o(.text.HAL_PCD_Stop)
    HAL_PCD_SuspendCallback                  0x08001629   Thumb Code    48  usbd_conf.o(.text.HAL_PCD_SuspendCallback)
    HAL_RCCEx_PeriphCLKConfig                0x08001659   Thumb Code   296  stm32f4xx_hal_rcc_ex.o(.text.HAL_RCCEx_PeriphCLKConfig)
    HAL_RCC_ClockConfig                      0x08001781   Thumb Code   288  stm32f4xx_hal_rcc.o(.text.HAL_RCC_ClockConfig)
    HAL_RCC_GetHCLKFreq                      0x080018a1   Thumb Code    12  stm32f4xx_hal_rcc.o(.text.HAL_RCC_GetHCLKFreq)
    HAL_RCC_GetSysClockFreq                  0x080018ad   Thumb Code    92  stm32f4xx_hal_rcc.o(.text.HAL_RCC_GetSysClockFreq)
    HAL_RCC_OscConfig                        0x08001909   Thumb Code   736  stm32f4xx_hal_rcc.o(.text.HAL_RCC_OscConfig)
    HAL_SYSTICK_Config                       0x08001be9   Thumb Code    36  stm32f4xx_hal_cortex.o(.text.HAL_SYSTICK_Config)
    HardFault_Handler                        0x08001c0d   Thumb Code     2  stm32f4xx_it.o(.text.HardFault_Handler)
    LL_RTC_EnterInitMode                     0x08001c3d   Thumb Code    68  stm32f4xx_ll_rtc.o(.text.LL_RTC_EnterInitMode)
    LL_RTC_Init                              0x08001c81   Thumb Code    78  stm32f4xx_ll_rtc.o(.text.LL_RTC_Init)
    MX_GPIO_Init                             0x08001cd1   Thumb Code   136  gpio.o(.text.MX_GPIO_Init)
    MX_RTC_Init                              0x08001d59   Thumb Code    64  rtc.o(.text.MX_RTC_Init)
    MX_USB_DEVICE_Init                       0x08001d99   Thumb Code    80  usb_device.o(.text.MX_USB_DEVICE_Init)
    MemManage_Handler                        0x08001de9   Thumb Code     2  stm32f4xx_it.o(.text.MemManage_Handler)
    NMI_Handler                              0x08001deb   Thumb Code     2  stm32f4xx_it.o(.text.NMI_Handler)
    OTG_FS_IRQHandler                        0x08001ded   Thumb Code    12  stm32f4xx_it.o(.text.OTG_FS_IRQHandler)
    PendSV_Handler                           0x08001df9   Thumb Code     2  stm32f4xx_it.o(.text.PendSV_Handler)
    SVC_Handler                              0x08001dfb   Thumb Code     2  stm32f4xx_it.o(.text.SVC_Handler)
    SysTick_Handler                          0x08001dfd   Thumb Code     4  stm32f4xx_it.o(.text.SysTick_Handler)
    SystemClock_Config                       0x08001e01   Thumb Code   164  main.o(.text.SystemClock_Config)
    SystemInit                               0x08001ea5   Thumb Code    76  system_stm32f4xx.o(.text.SystemInit)
    USBD_CUSTOM_HID_RegisterInterface        0x08001ff7   Thumb Code    14  usbd_customhid.o(.text.USBD_CUSTOM_HID_RegisterInterface)
    USBD_CUSTOM_HID_SendReport               0x08002005   Thumb Code    42  usbd_customhid.o(.text.USBD_CUSTOM_HID_SendReport)
    USBD_ClrClassConfig                      0x08002101   Thumb Code    14  usbd_core.o(.text.USBD_ClrClassConfig)
    USBD_CtlContinueRx                       0x0800210f   Thumb Code    16  usbd_ioreq.o(.text.USBD_CtlContinueRx)
    USBD_CtlContinueSendData                 0x0800211f   Thumb Code    16  usbd_ioreq.o(.text.USBD_CtlContinueSendData)
    USBD_CtlError                            0x0800212f   Thumb Code    22  usbd_ctlreq.o(.text.USBD_CtlError)
    USBD_CtlPrepareRx                        0x08002145   Thumb Code    26  usbd_ioreq.o(.text.USBD_CtlPrepareRx)
    USBD_CtlReceiveStatus                    0x0800215f   Thumb Code    22  usbd_ioreq.o(.text.USBD_CtlReceiveStatus)
    USBD_CtlSendData                         0x08002175   Thumb Code    26  usbd_ioreq.o(.text.USBD_CtlSendData)
    USBD_CtlSendStatus                       0x0800218f   Thumb Code    22  usbd_ioreq.o(.text.USBD_CtlSendStatus)
    USBD_FS_ConfigStrDescriptor              0x080021a5   Thumb Code    48  usbd_desc.o(.text.USBD_FS_ConfigStrDescriptor)
    USBD_FS_DeviceDescriptor                 0x080021d5   Thumb Code    12  usbd_desc.o(.text.USBD_FS_DeviceDescriptor)
    USBD_FS_InterfaceStrDescriptor           0x080021e1   Thumb Code    52  usbd_desc.o(.text.USBD_FS_InterfaceStrDescriptor)
    USBD_FS_LangIDStrDescriptor              0x08002215   Thumb Code    12  usbd_desc.o(.text.USBD_FS_LangIDStrDescriptor)
    USBD_FS_ManufacturerStrDescriptor        0x08002221   Thumb Code    28  usbd_desc.o(.text.USBD_FS_ManufacturerStrDescriptor)
    USBD_FS_ProductStrDescriptor             0x0800223d   Thumb Code    52  usbd_desc.o(.text.USBD_FS_ProductStrDescriptor)
    USBD_FS_SerialStrDescriptor              0x08002271   Thumb Code    52  usbd_desc.o(.text.USBD_FS_SerialStrDescriptor)
    USBD_GetString                           0x080022a5   Thumb Code    62  usbd_ctlreq.o(.text.USBD_GetString)
    USBD_Get_USB_Status                      0x080022e5   Thumb Code    24  usbd_conf.o(.text.USBD_Get_USB_Status)
    USBD_Init                                0x080022fd   Thumb Code    42  usbd_core.o(.text.USBD_Init)
    USBD_LL_ClearStallEP                     0x08002327   Thumb Code    18  usbd_conf.o(.text.USBD_LL_ClearStallEP)
    USBD_LL_CloseEP                          0x08002339   Thumb Code    18  usbd_conf.o(.text.USBD_LL_CloseEP)
    USBD_LL_DataInStage                      0x0800234b   Thumb Code   190  usbd_core.o(.text.USBD_LL_DataInStage)
    USBD_LL_DataOutStage                     0x08002409   Thumb Code   126  usbd_core.o(.text.USBD_LL_DataOutStage)
    USBD_LL_DevConnected                     0x08002487   Thumb Code     4  usbd_core.o(.text.USBD_LL_DevConnected)
    USBD_LL_DevDisconnected                  0x0800248b   Thumb Code    22  usbd_core.o(.text.USBD_LL_DevDisconnected)
    USBD_LL_Init                             0x080024a1   Thumb Code    96  usbd_conf.o(.text.USBD_LL_Init)
    USBD_LL_IsStallEP                        0x08002501   Thumb Code    32  usbd_conf.o(.text.USBD_LL_IsStallEP)
    USBD_LL_IsoINIncomplete                  0x08002521   Thumb Code     4  usbd_core.o(.text.USBD_LL_IsoINIncomplete)
    USBD_LL_IsoOUTIncomplete                 0x08002525   Thumb Code     4  usbd_core.o(.text.USBD_LL_IsoOUTIncomplete)
    USBD_LL_OpenEP                           0x08002529   Thumb Code    24  usbd_conf.o(.text.USBD_LL_OpenEP)
    USBD_LL_PrepareReceive                   0x08002541   Thumb Code    18  usbd_conf.o(.text.USBD_LL_PrepareReceive)
    USBD_LL_Reset                            0x08002553   Thumb Code    80  usbd_core.o(.text.USBD_LL_Reset)
    USBD_LL_Resume                           0x080025a3   Thumb Code    12  usbd_core.o(.text.USBD_LL_Resume)
    USBD_LL_SOF                              0x080025af   Thumb Code    24  usbd_core.o(.text.USBD_LL_SOF)
    USBD_LL_SetSpeed                         0x080025c7   Thumb Code     6  usbd_core.o(.text.USBD_LL_SetSpeed)
    USBD_LL_SetUSBAddress                    0x080025cd   Thumb Code    18  usbd_conf.o(.text.USBD_LL_SetUSBAddress)
    USBD_LL_SetupStage                       0x080025df   Thumb Code    86  usbd_core.o(.text.USBD_LL_SetupStage)
    USBD_LL_StallEP                          0x08002635   Thumb Code    18  usbd_conf.o(.text.USBD_LL_StallEP)
    USBD_LL_Start                            0x08002647   Thumb Code    18  usbd_conf.o(.text.USBD_LL_Start)
    USBD_LL_Stop                             0x08002659   Thumb Code    18  usbd_conf.o(.text.USBD_LL_Stop)
    USBD_LL_Suspend                          0x0800266b   Thumb Code    18  usbd_core.o(.text.USBD_LL_Suspend)
    USBD_LL_Transmit                         0x0800267d   Thumb Code    18  usbd_conf.o(.text.USBD_LL_Transmit)
    USBD_ParseSetupRequest                   0x0800268f   Thumb Code    22  usbd_ctlreq.o(.text.USBD_ParseSetupRequest)
    USBD_RegisterClass                       0x080026a5   Thumb Code    14  usbd_core.o(.text.USBD_RegisterClass)
    USBD_SetClassConfig                      0x080026b3   Thumb Code    26  usbd_core.o(.text.USBD_SetClassConfig)
    USBD_Start                               0x080026cd   Thumb Code    10  usbd_core.o(.text.USBD_Start)
    USBD_StdDevReq                           0x080026d9   Thumb Code   608  usbd_ctlreq.o(.text.USBD_StdDevReq)
    USBD_StdEPReq                            0x08002939   Thumb Code   318  usbd_ctlreq.o(.text.USBD_StdEPReq)
    USBD_StdItfReq                           0x08002a77   Thumb Code    76  usbd_ctlreq.o(.text.USBD_StdItfReq)
    USB_ActivateEndpoint                     0x08002ac5   Thumb Code   124  stm32f4xx_ll_usb.o(.text.USB_ActivateEndpoint)
    USB_ActivateSetup                        0x08002b41   Thumb Code    54  stm32f4xx_ll_usb.o(.text.USB_ActivateSetup)
    USB_CoreInit                             0x08002b79   Thumb Code   116  stm32f4xx_ll_usb.o(.text.USB_CoreInit)
    USB_DeactivateEndpoint                   0x08002c1d   Thumb Code   120  stm32f4xx_ll_usb.o(.text.USB_DeactivateEndpoint)
    USB_DevConnect                           0x08002c95   Thumb Code    24  stm32f4xx_ll_usb.o(.text.USB_DevConnect)
    USB_DevDisconnect                        0x08002cad   Thumb Code    24  stm32f4xx_ll_usb.o(.text.USB_DevDisconnect)
    USB_DevInit                              0x08002cc5   Thumb Code   428  stm32f4xx_ll_usb.o(.text.USB_DevInit)
    USB_DisableGlobalInt                     0x08002e71   Thumb Code    12  stm32f4xx_ll_usb.o(.text.USB_DisableGlobalInt)
    USB_EP0StartXfer                         0x08002e7d   Thumb Code   228  stm32f4xx_ll_usb.o(.text.USB_EP0StartXfer)
    USB_EP0_OutStart                         0x08002f61   Thumb Code    88  stm32f4xx_ll_usb.o(.text.USB_EP0_OutStart)
    USB_EPClearStall                         0x08002fb9   Thumb Code    48  stm32f4xx_ll_usb.o(.text.USB_EPClearStall)
    USB_EPSetStall                           0x08002fe9   Thumb Code    56  stm32f4xx_ll_usb.o(.text.USB_EPSetStall)
    USB_EPStartXfer                          0x08003021   Thumb Code   348  stm32f4xx_ll_usb.o(.text.USB_EPStartXfer)
    USB_EnableGlobalInt                      0x0800317d   Thumb Code    12  stm32f4xx_ll_usb.o(.text.USB_EnableGlobalInt)
    USB_FlushRxFifo                          0x08003189   Thumb Code    28  stm32f4xx_ll_usb.o(.text.USB_FlushRxFifo)
    USB_FlushTxFifo                          0x080031a5   Thumb Code    32  stm32f4xx_ll_usb.o(.text.USB_FlushTxFifo)
    USB_GetDevSpeed                          0x080031c5   Thumb Code    28  stm32f4xx_ll_usb.o(.text.USB_GetDevSpeed)
    USB_GetMode                              0x080031e1   Thumb Code     8  stm32f4xx_ll_usb.o(.text.USB_GetMode)
    USB_ReadDevAllInEpInterrupt              0x080031e9   Thumb Code    14  stm32f4xx_ll_usb.o(.text.USB_ReadDevAllInEpInterrupt)
    USB_ReadDevAllOutEpInterrupt             0x080031f7   Thumb Code    14  stm32f4xx_ll_usb.o(.text.USB_ReadDevAllOutEpInterrupt)
    USB_ReadDevInEPInterrupt                 0x08003205   Thumb Code    36  stm32f4xx_ll_usb.o(.text.USB_ReadDevInEPInterrupt)
    USB_ReadDevOutEPInterrupt                0x08003229   Thumb Code    16  stm32f4xx_ll_usb.o(.text.USB_ReadDevOutEPInterrupt)
    USB_ReadInterrupts                       0x08003239   Thumb Code     8  stm32f4xx_ll_usb.o(.text.USB_ReadInterrupts)
    USB_ReadPacket                           0x08003241   Thumb Code    26  stm32f4xx_ll_usb.o(.text.USB_ReadPacket)
    USB_SetCurrentMode                       0x0800325b   Thumb Code    46  stm32f4xx_ll_usb.o(.text.USB_SetCurrentMode)
    USB_SetDevAddress                        0x08003289   Thumb Code    32  stm32f4xx_ll_usb.o(.text.USB_SetDevAddress)
    USB_SetTurnaroundTime                    0x080032a9   Thumb Code   240  stm32f4xx_ll_usb.o(.text.USB_SetTurnaroundTime)
    USB_StopDevice                           0x08003399   Thumb Code    68  stm32f4xx_ll_usb.o(.text.USB_StopDevice)
    USB_WritePacket                          0x080033dd   Thumb Code    32  stm32f4xx_ll_usb.o(.text.USB_WritePacket)
    UsageFault_Handler                       0x080033fd   Thumb Code     2  stm32f4xx_it.o(.text.UsageFault_Handler)
    hid_bootloader_GotoApp                   0x08003449   Thumb Code    52  hid_bootloader.o(.text.hid_bootloader_GotoApp)
    hid_bootloader_Init                      0x0800347d   Thumb Code   136  hid_bootloader.o(.text.hid_bootloader_Init)
    hid_bootloader_Run                       0x08003505   Thumb Code   432  hid_bootloader.o(.text.hid_bootloader_Run)
    key0_read                                0x080036b5   Thumb Code    24  key.o(.text.key0_read)
    key_check_all_loop_1ms                   0x080036cd   Thumb Code   532  key.o(.text.key_check_all_loop_1ms)
    key_read_value                           0x080038e1   Thumb Code    36  key.o(.text.key_read_value)
    main                                     0x08003931   Thumb Code   348  main.o(.text.main)
    __0sprintf$5                             0x08003b15   Thumb Code    34  printf5.o(i.__0sprintf$5)
    __1sprintf$5                             0x08003b15   Thumb Code     0  printf5.o(i.__0sprintf$5)
    __2sprintf                               0x08003b15   Thumb Code     0  printf5.o(i.__0sprintf$5)
    __scatterload_copy                       0x08003b3d   Thumb Code    14  handlers.o(i.__scatterload_copy)
    __scatterload_null                       0x08003b4b   Thumb Code     2  handlers.o(i.__scatterload_null)
    __scatterload_zeroinit                   0x08003b4d   Thumb Code    14  handlers.o(i.__scatterload_zeroinit)
    free                                     0x08003e29   Thumb Code    76  malloc.o(i.free)
    malloc                                   0x08003e79   Thumb Code    92  malloc.o(i.malloc)
    AHBPrescTable                            0x08003ee4   Data          16  system_stm32f4xx.o(.rodata.AHBPrescTable)
    Region$$Table$$Base                      0x08003ef4   Number         0  anon$$obj.o(Region$$Table)
    Region$$Table$$Limit                     0x08003f14   Number         0  anon$$obj.o(Region$$Table)
    __microlib_freelist                      0x20000000   Data           4  mvars.o(.data)
    __microlib_freelist_initialised          0x20000004   Data           4  mvars.o(.data)
    erase_page                               0x20000008   Data           2  hid_bootloader.o(.data..L_MergedGlobals)
    key_dev                                  0x20000020   Data          16  key.o(.data..L_MergedGlobals)
    uwTickFreq                               0x20000030   Data           1  stm32f4xx_hal.o(.data..L_MergedGlobals)
    uwTickPrio                               0x20000034   Data           4  stm32f4xx_hal.o(.data..L_MergedGlobals)
    FS_Desc                                  0x2000004c   Data          28  usbd_desc.o(.data.FS_Desc)
    SystemCoreClock                          0x20000068   Data           4  system_stm32f4xx.o(.data.SystemCoreClock)
    USBD_CUSTOM_HID                          0x2000006c   Data          56  usbd_customhid.o(.data.USBD_CUSTOM_HID)
    USBD_CustomHID_fops_FS                   0x20000140   Data          16  usbd_custom_hid_if.o(.data.USBD_CustomHID_fops_FS)
    USBD_FS_DeviceDesc                       0x20000150   Data          18  usbd_desc.o(.data.USBD_FS_DeviceDesc)
    USBD_LangIDDesc                          0x20000164   Data           4  usbd_desc.o(.data.USBD_LangIDDesc)
    USBD_StringSerial                        0x20000168   Data          26  usbd_desc.o(.data.USBD_StringSerial)
    key_value                                0x2000018c   Data           2  main.o(.bss..L_MergedGlobals)
    new_data_is_received                     0x20000190   Data           1  hid_bootloader.o(.bss..L_MergedGlobals.4)
    USB_RX_Buffer                            0x20000194   Data          64  hid_bootloader.o(.bss..L_MergedGlobals.4)
    USBD_StrDesc                             0x200001d8   Data         512  usbd_desc.o(.bss.USBD_StrDesc)
    USB_TX_Buffer                            0x200003d8   Data          64  hid_bootloader.o(.bss.USB_TX_Buffer)
    hUsbDeviceFS                             0x20000418   Data         668  usb_device.o(.bss.hUsbDeviceFS)
    hpcd_USB_OTG_FS                          0x200006b4   Data        1032  usbd_conf.o(.bss.hpcd_USB_OTG_FS)
    key_buf                                  0x20000abc   Data          34  key.o(.bss.key_buf)
    pFlash                                   0x20000ae0   Data          32  stm32f4xx_hal_flash.o(.bss.pFlash)
    updateflag                               0x20000f00   Data           4  hid_bootloader.o(.bss.updateflag)
    uwTick                                   0x20000f04   Data           4  stm32f4xx_hal.o(.bss.uwTick)
    __heap_base                              0x20000f08   Data           0  startup_stm32f411xe.o(HEAP)
    __heap_limit                             0x20001708   Data           0  startup_stm32f411xe.o(HEAP)
    __initial_sp                             0x20001b08   Data           0  startup_stm32f411xe.o(STACK)



==============================================================================

Memory Map of the image

  Image Entry point : 0x08000199

  Load Region LR_IROM1 (Base: 0x08000000, Size: 0x000040a0, Max: 0x00080000, ABSOLUTE, COMPRESSED[0x00003fe8])

    Execution Region ER_IROM1 (Exec base: 0x08000000, Load base: 0x08000000, Size: 0x00003f14, Max: 0x00080000, ABSOLUTE)

    Exec Addr    Load Addr    Size         Type   Attr      Idx    E Section Name        Object

    0x08000000   0x08000000   0x00000198   Data   RO            3    RESET               startup_stm32f411xe.o
    0x08000198   0x08000198   0x00000000   Code   RO         1178  * .ARM.Collect$$$$00000000  mc_w.l(entry.o)
    0x08000198   0x08000198   0x00000004   Code   RO         1480    .ARM.Collect$$$$00000001  mc_w.l(entry2.o)
    0x0800019c   0x0800019c   0x00000004   Code   RO         1483    .ARM.Collect$$$$00000004  mc_w.l(entry5.o)
    0x080001a0   0x080001a0   0x00000000   Code   RO         1485    .ARM.Collect$$$$00000008  mc_w.l(entry7b.o)
    0x080001a0   0x080001a0   0x00000000   Code   RO         1487    .ARM.Collect$$$$0000000A  mc_w.l(entry8b.o)
    0x080001a0   0x080001a0   0x00000008   Code   RO         1488    .ARM.Collect$$$$0000000B  mc_w.l(entry9a.o)
    0x080001a8   0x080001a8   0x00000000   Code   RO         1490    .ARM.Collect$$$$0000000D  mc_w.l(entry10a.o)
    0x080001a8   0x080001a8   0x00000000   Code   RO         1492    .ARM.Collect$$$$0000000F  mc_w.l(entry11a.o)
    0x080001a8   0x080001a8   0x00000004   Code   RO         1481    .ARM.Collect$$$$00002712  mc_w.l(entry2.o)
    0x080001ac   0x080001ac   0x00000024   Code   RO            4    .text               startup_stm32f411xe.o
    0x080001d0   0x080001d0   0x00000062   Code   RO         1181    .text               mc_w.l(uldiv.o)
    0x08000232   0x08000232   0x00000024   Code   RO         1183    .text               mc_w.l(memcpya.o)
    0x08000256   0x08000256   0x00000024   Code   RO         1185    .text               mc_w.l(memseta.o)
    0x0800027a   0x0800027a   0x0000001a   Code   RO         1187    .text               mc_w.l(memcmp.o)
    0x08000294   0x08000294   0x0000001e   Code   RO         1501    .text               mc_w.l(llshl.o)
    0x080002b2   0x080002b2   0x00000020   Code   RO         1503    .text               mc_w.l(llushr.o)
    0x080002d2   0x080002d2   0x00000002   PAD
    0x080002d4   0x080002d4   0x00000024   Code   RO         1518    .text               mc_w.l(init.o)
    0x080002f8   0x080002f8   0x00000056   Code   RO         1534    .text               mc_w.l(__dczerorl2.o)
    0x0800034e   0x0800034e   0x00000002   Code   RO          107    .text.BusFault_Handler  stm32f4xx_it.o
    0x08000350   0x08000350   0x00000004   Code   RO          180    .text.CUSTOM_HID_DeInit_FS  usbd_custom_hid_if.o
    0x08000354   0x08000354   0x00000004   Code   RO          178    .text.CUSTOM_HID_Init_FS  usbd_custom_hid_if.o
    0x08000358   0x08000358   0x0000002c   Code   RO          182    .text.CUSTOM_HID_OutEvent_FS  usbd_custom_hid_if.o
    0x08000384   0x08000384   0x00000002   Code   RO          113    .text.DebugMon_Handler  stm32f4xx_it.o
    0x08000386   0x08000386   0x00000002   Code   RO           59    .text.Error_Handler  main.o
    0x08000388   0x08000388   0x00000038   Code   RO          567    .text.FLASH_Erase_Sector  stm32f4xx_hal_flash_ex.o
    0x080003c0   0x080003c0   0x00000054   Code   RO          569    .text.FLASH_FlushCaches  stm32f4xx_hal_flash_ex.o
    0x08000414   0x08000414   0x00000020   Code   RO          565    .text.FLASH_MassErase  stm32f4xx_hal_flash_ex.o
    0x08000434   0x08000434   0x0000001c   Code   RO          523    .text.FLASH_Program_Byte  stm32f4xx_hal_flash.o
    0x08000450   0x08000450   0x00000024   Code   RO          529    .text.FLASH_Program_DoubleWord  stm32f4xx_hal_flash.o
    0x08000474   0x08000474   0x00000020   Code   RO          525    .text.FLASH_Program_HalfWord  stm32f4xx_hal_flash.o
    0x08000494   0x08000494   0x00000020   Code   RO          527    .text.FLASH_Program_Word  stm32f4xx_hal_flash.o
    0x080004b4   0x080004b4   0x00000080   Code   RO          535    .text.FLASH_SetErrorCode  stm32f4xx_hal_flash.o
    0x08000534   0x08000534   0x00000050   Code   RO          521    .text.FLASH_WaitForLastOperation  stm32f4xx_hal_flash.o
    0x08000584   0x08000584   0x00000024   Code   RO          821    .text.HAL_Delay     stm32f4xx_hal.o
    0x080005a8   0x080005a8   0x0000009c   Code   RO          563    .text.HAL_FLASHEx_Erase  stm32f4xx_hal_flash_ex.o
    0x08000644   0x08000644   0x00000010   Code   RO          543    .text.HAL_FLASH_Lock  stm32f4xx_hal_flash.o
    0x08000654   0x08000654   0x00000084   Code   RO          519    .text.HAL_FLASH_Program  stm32f4xx_hal_flash.o
    0x080006d8   0x080006d8   0x00000028   Code   RO          541    .text.HAL_FLASH_Unlock  stm32f4xx_hal_flash.o
    0x08000700   0x08000700   0x000000dc   Code   RO          605    .text.HAL_GPIO_DeInit  stm32f4xx_hal_gpio.o
    0x080007dc   0x080007dc   0x0000018c   Code   RO          603    .text.HAL_GPIO_Init  stm32f4xx_hal_gpio.o
    0x08000968   0x08000968   0x0000000a   Code   RO          607    .text.HAL_GPIO_ReadPin  stm32f4xx_hal_gpio.o
    0x08000972   0x08000972   0x0000000e   Code   RO          611    .text.HAL_GPIO_TogglePin  stm32f4xx_hal_gpio.o
    0x08000980   0x08000980   0x0000000a   Code   RO          609    .text.HAL_GPIO_WritePin  stm32f4xx_hal_gpio.o
    0x0800098a   0x0800098a   0x00000002   PAD
    0x0800098c   0x0800098c   0x00000010   Code   RO          831    .text.HAL_GetDEVID  stm32f4xx_hal.o
    0x0800099c   0x0800099c   0x00000008   Code   RO          813    .text.HAL_GetTick   stm32f4xx_hal.o
    0x080009a4   0x080009a4   0x00000014   Code   RO          811    .text.HAL_IncTick   stm32f4xx_hal.o
    0x080009b8   0x080009b8   0x00000034   Code   RO          801    .text.HAL_Init      stm32f4xx_hal.o
    0x080009ec   0x080009ec   0x00000040   Code   RO          803    .text.HAL_InitTick  stm32f4xx_hal.o
    0x08000a2c   0x08000a2c   0x00000038   Code   RO          129    .text.HAL_MspInit   stm32f4xx_hal_msp.o
    0x08000a64   0x08000a64   0x0000001c   Code   RO          758    .text.HAL_NVIC_EnableIRQ  stm32f4xx_hal_cortex.o
    0x08000a80   0x08000a80   0x00000038   Code   RO          754    .text.HAL_NVIC_SetPriority  stm32f4xx_hal_cortex.o
    0x08000ab8   0x08000ab8   0x00000020   Code   RO          752    .text.HAL_NVIC_SetPriorityGrouping  stm32f4xx_hal_cortex.o
    0x08000ad8   0x08000ad8   0x00000004   Code   RO          762    .text.HAL_NVIC_SystemReset  stm32f4xx_hal_cortex.o
    0x08000adc   0x08000adc   0x00000002   Code   RO          340    .text.HAL_PCDEx_LPM_Callback  stm32f4xx_hal_pcd_ex.o
    0x08000ade   0x08000ade   0x00000008   Code   RO          338    .text.HAL_PCDEx_SetRxFiFo  stm32f4xx_hal_pcd_ex.o
    0x08000ae6   0x08000ae6   0x00000040   Code   RO          336    .text.HAL_PCDEx_SetTxFiFo  stm32f4xx_hal_pcd_ex.o
    0x08000b26   0x08000b26   0x00000008   Code   RO          217    .text.HAL_PCD_ConnectCallback  usbd_conf.o
    0x08000b2e   0x08000b2e   0x00000012   Code   RO          203    .text.HAL_PCD_DataInStageCallback  usbd_conf.o
    0x08000b40   0x08000b40   0x00000014   Code   RO          201    .text.HAL_PCD_DataOutStageCallback  usbd_conf.o
    0x08000b54   0x08000b54   0x00000008   Code   RO          219    .text.HAL_PCD_DisconnectCallback  usbd_conf.o
    0x08000b5c   0x08000b5c   0x00000052   Code   RO          307    .text.HAL_PCD_EP_Close  stm32f4xx_hal_pcd.o
    0x08000bae   0x08000bae   0x00000060   Code   RO          317    .text.HAL_PCD_EP_ClrStall  stm32f4xx_hal_pcd.o
    0x08000c0e   0x08000c0e   0x00000064   Code   RO          305    .text.HAL_PCD_EP_Open  stm32f4xx_hal_pcd.o
    0x08000c72   0x08000c72   0x00000042   Code   RO          309    .text.HAL_PCD_EP_Receive  stm32f4xx_hal_pcd.o
    0x08000cb4   0x08000cb4   0x0000006e   Code   RO          315    .text.HAL_PCD_EP_SetStall  stm32f4xx_hal_pcd.o
    0x08000d22   0x08000d22   0x0000003c   Code   RO          313    .text.HAL_PCD_EP_Transmit  stm32f4xx_hal_pcd.o
    0x08000d5e   0x08000d5e   0x00000002   PAD
    0x08000d60   0x08000d60   0x0000061a   Code   RO          275    .text.HAL_PCD_IRQHandler  stm32f4xx_hal_pcd.o
    0x0800137a   0x0800137a   0x00000008   Code   RO          215    .text.HAL_PCD_ISOINIncompleteCallback  usbd_conf.o
    0x08001382   0x08001382   0x00000008   Code   RO          213    .text.HAL_PCD_ISOOUTIncompleteCallback  usbd_conf.o
    0x0800138a   0x0800138a   0x00000138   Code   RO          263    .text.HAL_PCD_Init  stm32f4xx_hal_pcd.o
    0x080014c2   0x080014c2   0x00000002   PAD
    0x080014c4   0x080014c4   0x00000084   Code   RO          195    .text.HAL_PCD_MspInit  usbd_conf.o
    0x08001548   0x08001548   0x00000024   Code   RO          207    .text.HAL_PCD_ResetCallback  usbd_conf.o
    0x0800156c   0x0800156c   0x00000008   Code   RO          211    .text.HAL_PCD_ResumeCallback  usbd_conf.o
    0x08001574   0x08001574   0x00000008   Code   RO          205    .text.HAL_PCD_SOFCallback  usbd_conf.o
    0x0800157c   0x0800157c   0x00000028   Code   RO          303    .text.HAL_PCD_SetAddress  stm32f4xx_hal_pcd.o
    0x080015a4   0x080015a4   0x0000000e   Code   RO          199    .text.HAL_PCD_SetupStageCallback  usbd_conf.o
    0x080015b2   0x080015b2   0x0000003e   Code   RO          273    .text.HAL_PCD_Start  stm32f4xx_hal_pcd.o
    0x080015f0   0x080015f0   0x00000036   Code   RO          269    .text.HAL_PCD_Stop  stm32f4xx_hal_pcd.o
    0x08001626   0x08001626   0x00000002   PAD
    0x08001628   0x08001628   0x00000030   Code   RO          209    .text.HAL_PCD_SuspendCallback  usbd_conf.o
    0x08001658   0x08001658   0x00000128   Code   RO          496    .text.HAL_RCCEx_PeriphCLKConfig  stm32f4xx_hal_rcc_ex.o
    0x08001780   0x08001780   0x00000120   Code   RO          463    .text.HAL_RCC_ClockConfig  stm32f4xx_hal_rcc.o
    0x080018a0   0x080018a0   0x0000000c   Code   RO          473    .text.HAL_RCC_GetHCLKFreq  stm32f4xx_hal_rcc.o
    0x080018ac   0x080018ac   0x0000005c   Code   RO          465    .text.HAL_RCC_GetSysClockFreq  stm32f4xx_hal_rcc.o
    0x08001908   0x08001908   0x000002e0   Code   RO          461    .text.HAL_RCC_OscConfig  stm32f4xx_hal_rcc.o
    0x08001be8   0x08001be8   0x00000024   Code   RO          766    .text.HAL_SYSTICK_Config  stm32f4xx_hal_cortex.o
    0x08001c0c   0x08001c0c   0x00000002   Code   RO          103    .text.HardFault_Handler  stm32f4xx_it.o
    0x08001c0e   0x08001c0e   0x0000002e   Code   RO          162    .text.IntToUnicode  usbd_desc.o
    0x08001c3c   0x08001c3c   0x00000044   Code   RO          970    .text.LL_RTC_EnterInitMode  stm32f4xx_ll_rtc.o
    0x08001c80   0x08001c80   0x0000004e   Code   RO          974    .text.LL_RTC_Init   stm32f4xx_ll_rtc.o
    0x08001cce   0x08001cce   0x00000002   PAD
    0x08001cd0   0x08001cd0   0x00000088   Code   RO           72    .text.MX_GPIO_Init  gpio.o
    0x08001d58   0x08001d58   0x00000040   Code   RO           82    .text.MX_RTC_Init   rtc.o
    0x08001d98   0x08001d98   0x00000050   Code   RO          138    .text.MX_USB_DEVICE_Init  usb_device.o
    0x08001de8   0x08001de8   0x00000002   Code   RO          105    .text.MemManage_Handler  stm32f4xx_it.o
    0x08001dea   0x08001dea   0x00000002   Code   RO          101    .text.NMI_Handler   stm32f4xx_it.o
    0x08001dec   0x08001dec   0x0000000c   Code   RO          119    .text.OTG_FS_IRQHandler  stm32f4xx_it.o
    0x08001df8   0x08001df8   0x00000002   Code   RO          115    .text.PendSV_Handler  stm32f4xx_it.o
    0x08001dfa   0x08001dfa   0x00000002   Code   RO          111    .text.SVC_Handler   stm32f4xx_it.o
    0x08001dfc   0x08001dfc   0x00000004   Code   RO          117    .text.SysTick_Handler  stm32f4xx_it.o
    0x08001e00   0x08001e00   0x000000a4   Code   RO           57    .text.SystemClock_Config  main.o
    0x08001ea4   0x08001ea4   0x0000004c   Code   RO         1030    .text.SystemInit    system_stm32f4xx.o
    0x08001ef0   0x08001ef0   0x0000000e   Code   RO         1148    .text.USBD_CUSTOM_HID_DataIn  usbd_customhid.o
    0x08001efe   0x08001efe   0x00000020   Code   RO         1150    .text.USBD_CUSTOM_HID_DataOut  usbd_customhid.o
    0x08001f1e   0x08001f1e   0x00000038   Code   RO         1142    .text.USBD_CUSTOM_HID_DeInit  usbd_customhid.o
    0x08001f56   0x08001f56   0x00000022   Code   RO         1146    .text.USBD_CUSTOM_HID_EP0_RxReady  usbd_customhid.o
    0x08001f78   0x08001f78   0x0000000c   Code   RO         1158    .text.USBD_CUSTOM_HID_GetDeviceQualifierDesc  usbd_customhid.o
    0x08001f84   0x08001f84   0x0000000c   Code   RO         1154    .text.USBD_CUSTOM_HID_GetFSCfgDesc  usbd_customhid.o
    0x08001f90   0x08001f90   0x0000000c   Code   RO         1152    .text.USBD_CUSTOM_HID_GetHSCfgDesc  usbd_customhid.o
    0x08001f9c   0x08001f9c   0x0000000c   Code   RO         1156    .text.USBD_CUSTOM_HID_GetOtherSpeedCfgDesc  usbd_customhid.o
    0x08001fa8   0x08001fa8   0x0000004e   Code   RO         1140    .text.USBD_CUSTOM_HID_Init  usbd_customhid.o
    0x08001ff6   0x08001ff6   0x0000000e   Code   RO         1162    .text.USBD_CUSTOM_HID_RegisterInterface  usbd_customhid.o
    0x08002004   0x08002004   0x0000002a   Code   RO         1160    .text.USBD_CUSTOM_HID_SendReport  usbd_customhid.o
    0x0800202e   0x0800202e   0x00000002   PAD
    0x08002030   0x08002030   0x000000d0   Code   RO         1144    .text.USBD_CUSTOM_HID_Setup  usbd_customhid.o
    0x08002100   0x08002100   0x0000000e   Code   RO         1060    .text.USBD_ClrClassConfig  usbd_core.o
    0x0800210e   0x0800210e   0x00000010   Code   RO         1123    .text.USBD_CtlContinueRx  usbd_ioreq.o
    0x0800211e   0x0800211e   0x00000010   Code   RO         1119    .text.USBD_CtlContinueSendData  usbd_ioreq.o
    0x0800212e   0x0800212e   0x00000016   Code   RO         1097    .text.USBD_CtlError  usbd_ctlreq.o
    0x08002144   0x08002144   0x0000001a   Code   RO         1121    .text.USBD_CtlPrepareRx  usbd_ioreq.o
    0x0800215e   0x0800215e   0x00000016   Code   RO         1127    .text.USBD_CtlReceiveStatus  usbd_ioreq.o
    0x08002174   0x08002174   0x0000001a   Code   RO         1117    .text.USBD_CtlSendData  usbd_ioreq.o
    0x0800218e   0x0800218e   0x00000016   Code   RO         1125    .text.USBD_CtlSendStatus  usbd_ioreq.o
    0x080021a4   0x080021a4   0x00000030   Code   RO          158    .text.USBD_FS_ConfigStrDescriptor  usbd_desc.o
    0x080021d4   0x080021d4   0x0000000c   Code   RO          148    .text.USBD_FS_DeviceDescriptor  usbd_desc.o
    0x080021e0   0x080021e0   0x00000034   Code   RO          160    .text.USBD_FS_InterfaceStrDescriptor  usbd_desc.o
    0x08002214   0x08002214   0x0000000c   Code   RO          150    .text.USBD_FS_LangIDStrDescriptor  usbd_desc.o
    0x08002220   0x08002220   0x0000001c   Code   RO          152    .text.USBD_FS_ManufacturerStrDescriptor  usbd_desc.o
    0x0800223c   0x0800223c   0x00000034   Code   RO          154    .text.USBD_FS_ProductStrDescriptor  usbd_desc.o
    0x08002270   0x08002270   0x00000034   Code   RO          156    .text.USBD_FS_SerialStrDescriptor  usbd_desc.o
    0x080022a4   0x080022a4   0x0000003e   Code   RO         1105    .text.USBD_GetString  usbd_ctlreq.o
    0x080022e2   0x080022e2   0x00000002   PAD
    0x080022e4   0x080022e4   0x00000018   Code   RO          225    .text.USBD_Get_USB_Status  usbd_conf.o
    0x080022fc   0x080022fc   0x0000002a   Code   RO         1046    .text.USBD_Init     usbd_core.o
    0x08002326   0x08002326   0x00000012   Code   RO          239    .text.USBD_LL_ClearStallEP  usbd_conf.o
    0x08002338   0x08002338   0x00000012   Code   RO          233    .text.USBD_LL_CloseEP  usbd_conf.o
    0x0800234a   0x0800234a   0x000000be   Code   RO         1066    .text.USBD_LL_DataInStage  usbd_core.o
    0x08002408   0x08002408   0x0000007e   Code   RO         1064    .text.USBD_LL_DataOutStage  usbd_core.o
    0x08002486   0x08002486   0x00000004   Code   RO         1082    .text.USBD_LL_DevConnected  usbd_core.o
    0x0800248a   0x0800248a   0x00000016   Code   RO         1084    .text.USBD_LL_DevDisconnected  usbd_core.o
    0x080024a0   0x080024a0   0x00000060   Code   RO          221    .text.USBD_LL_Init  usbd_conf.o
    0x08002500   0x08002500   0x00000020   Code   RO          241    .text.USBD_LL_IsStallEP  usbd_conf.o
    0x08002520   0x08002520   0x00000004   Code   RO         1078    .text.USBD_LL_IsoINIncomplete  usbd_core.o
    0x08002524   0x08002524   0x00000004   Code   RO         1080    .text.USBD_LL_IsoOUTIncomplete  usbd_core.o
    0x08002528   0x08002528   0x00000018   Code   RO          231    .text.USBD_LL_OpenEP  usbd_conf.o
    0x08002540   0x08002540   0x00000012   Code   RO          247    .text.USBD_LL_PrepareReceive  usbd_conf.o
    0x08002552   0x08002552   0x00000050   Code   RO         1068    .text.USBD_LL_Reset  usbd_core.o
    0x080025a2   0x080025a2   0x0000000c   Code   RO         1074    .text.USBD_LL_Resume  usbd_core.o
    0x080025ae   0x080025ae   0x00000018   Code   RO         1076    .text.USBD_LL_SOF   usbd_core.o
    0x080025c6   0x080025c6   0x00000006   Code   RO         1070    .text.USBD_LL_SetSpeed  usbd_core.o
    0x080025cc   0x080025cc   0x00000012   Code   RO          243    .text.USBD_LL_SetUSBAddress  usbd_conf.o
    0x080025de   0x080025de   0x00000056   Code   RO         1062    .text.USBD_LL_SetupStage  usbd_core.o
    0x08002634   0x08002634   0x00000012   Code   RO          237    .text.USBD_LL_StallEP  usbd_conf.o
    0x08002646   0x08002646   0x00000012   Code   RO          227    .text.USBD_LL_Start  usbd_conf.o
    0x08002658   0x08002658   0x00000012   Code   RO          229    .text.USBD_LL_Stop  usbd_conf.o
    0x0800266a   0x0800266a   0x00000012   Code   RO         1072    .text.USBD_LL_Suspend  usbd_core.o
    0x0800267c   0x0800267c   0x00000012   Code   RO          245    .text.USBD_LL_Transmit  usbd_conf.o
    0x0800268e   0x0800268e   0x00000016   Code   RO         1103    .text.USBD_ParseSetupRequest  usbd_ctlreq.o
    0x080026a4   0x080026a4   0x0000000e   Code   RO         1050    .text.USBD_RegisterClass  usbd_core.o
    0x080026b2   0x080026b2   0x0000001a   Code   RO         1058    .text.USBD_SetClassConfig  usbd_core.o
    0x080026cc   0x080026cc   0x0000000a   Code   RO         1052    .text.USBD_Start    usbd_core.o
    0x080026d6   0x080026d6   0x00000002   PAD
    0x080026d8   0x080026d8   0x00000260   Code   RO         1095    .text.USBD_StdDevReq  usbd_ctlreq.o
    0x08002938   0x08002938   0x0000013e   Code   RO         1101    .text.USBD_StdEPReq  usbd_ctlreq.o
    0x08002a76   0x08002a76   0x0000004c   Code   RO         1099    .text.USBD_StdItfReq  usbd_ctlreq.o
    0x08002ac2   0x08002ac2   0x00000002   PAD
    0x08002ac4   0x08002ac4   0x0000007c   Code   RO          375    .text.USB_ActivateEndpoint  stm32f4xx_ll_usb.o
    0x08002b40   0x08002b40   0x00000036   Code   RO          417    .text.USB_ActivateSetup  stm32f4xx_ll_usb.o
    0x08002b76   0x08002b76   0x00000002   PAD
    0x08002b78   0x08002b78   0x00000074   Code   RO          353    .text.USB_CoreInit  stm32f4xx_ll_usb.o
    0x08002bec   0x08002bec   0x00000030   Code   RO          355    .text.USB_CoreReset  stm32f4xx_ll_usb.o
    0x08002c1c   0x08002c1c   0x00000078   Code   RO          379    .text.USB_DeactivateEndpoint  stm32f4xx_ll_usb.o
    0x08002c94   0x08002c94   0x00000018   Code   RO          399    .text.USB_DevConnect  stm32f4xx_ll_usb.o
    0x08002cac   0x08002cac   0x00000018   Code   RO          401    .text.USB_DevDisconnect  stm32f4xx_ll_usb.o
    0x08002cc4   0x08002cc4   0x000001ac   Code   RO          365    .text.USB_DevInit   stm32f4xx_ll_usb.o
    0x08002e70   0x08002e70   0x0000000c   Code   RO          361    .text.USB_DisableGlobalInt  stm32f4xx_ll_usb.o
    0x08002e7c   0x08002e7c   0x000000e4   Code   RO          387    .text.USB_EP0StartXfer  stm32f4xx_ll_usb.o
    0x08002f60   0x08002f60   0x00000058   Code   RO          419    .text.USB_EP0_OutStart  stm32f4xx_ll_usb.o
    0x08002fb8   0x08002fb8   0x00000030   Code   RO          393    .text.USB_EPClearStall  stm32f4xx_ll_usb.o
    0x08002fe8   0x08002fe8   0x00000038   Code   RO          391    .text.USB_EPSetStall  stm32f4xx_ll_usb.o
    0x08003020   0x08003020   0x0000015c   Code   RO          383    .text.USB_EPStartXfer  stm32f4xx_ll_usb.o
    0x0800317c   0x0800317c   0x0000000c   Code   RO          359    .text.USB_EnableGlobalInt  stm32f4xx_ll_usb.o
    0x08003188   0x08003188   0x0000001c   Code   RO          371    .text.USB_FlushRxFifo  stm32f4xx_ll_usb.o
    0x080031a4   0x080031a4   0x00000020   Code   RO          369    .text.USB_FlushTxFifo  stm32f4xx_ll_usb.o
    0x080031c4   0x080031c4   0x0000001c   Code   RO          373    .text.USB_GetDevSpeed  stm32f4xx_ll_usb.o
    0x080031e0   0x080031e0   0x00000008   Code   RO          415    .text.USB_GetMode   stm32f4xx_ll_usb.o
    0x080031e8   0x080031e8   0x0000000e   Code   RO          407    .text.USB_ReadDevAllInEpInterrupt  stm32f4xx_ll_usb.o
    0x080031f6   0x080031f6   0x0000000e   Code   RO          405    .text.USB_ReadDevAllOutEpInterrupt  stm32f4xx_ll_usb.o
    0x08003204   0x08003204   0x00000024   Code   RO          411    .text.USB_ReadDevInEPInterrupt  stm32f4xx_ll_usb.o
    0x08003228   0x08003228   0x00000010   Code   RO          409    .text.USB_ReadDevOutEPInterrupt  stm32f4xx_ll_usb.o
    0x08003238   0x08003238   0x00000008   Code   RO          403    .text.USB_ReadInterrupts  stm32f4xx_ll_usb.o
    0x08003240   0x08003240   0x0000001a   Code   RO          389    .text.USB_ReadPacket  stm32f4xx_ll_usb.o
    0x0800325a   0x0800325a   0x0000002e   Code   RO          363    .text.USB_SetCurrentMode  stm32f4xx_ll_usb.o
    0x08003288   0x08003288   0x00000020   Code   RO          397    .text.USB_SetDevAddress  stm32f4xx_ll_usb.o
    0x080032a8   0x080032a8   0x000000f0   Code   RO          357    .text.USB_SetTurnaroundTime  stm32f4xx_ll_usb.o
    0x08003398   0x08003398   0x00000044   Code   RO          395    .text.USB_StopDevice  stm32f4xx_ll_usb.o
    0x080033dc   0x080033dc   0x00000020   Code   RO          385    .text.USB_WritePacket  stm32f4xx_ll_usb.o
    0x080033fc   0x080033fc   0x00000002   Code   RO          109    .text.UsageFault_Handler  stm32f4xx_it.o
    0x080033fe   0x080033fe   0x00000002   PAD
    0x08003400   0x08003400   0x00000024   Code   RO          756    .text.__NVIC_SetPriority  stm32f4xx_hal_cortex.o
    0x08003424   0x08003424   0x00000024   Code   RO          764    .text.__NVIC_SystemReset  stm32f4xx_hal_cortex.o
    0x08003448   0x08003448   0x00000034   Code   RO           15    .text.hid_bootloader_GotoApp  hid_bootloader.o
    0x0800347c   0x0800347c   0x00000088   Code   RO           13    .text.hid_bootloader_Init  hid_bootloader.o
    0x08003504   0x08003504   0x000001b0   Code   RO           17    .text.hid_bootloader_Run  hid_bootloader.o
    0x080036b4   0x080036b4   0x00000018   Code   RO           36    .text.key0_read     key.o
    0x080036cc   0x080036cc   0x00000214   Code   RO           40    .text.key_check_all_loop_1ms  key.o
    0x080038e0   0x080038e0   0x00000024   Code   RO           38    .text.key_read_value  key.o
    0x08003904   0x08003904   0x0000002c   Code   RO           42    .text.key_write_value  key.o
    0x08003930   0x08003930   0x0000015c   Code   RO           55    .text.main          main.o
    0x08003a8c   0x08003a8c   0x00000088   Code   RO           19    .text.write_flash_sector  hid_bootloader.o
    0x08003b14   0x08003b14   0x00000028   Code   RO         1326    i.__0sprintf$5      mc_w.l(printf5.o)
    0x08003b3c   0x08003b3c   0x0000000e   Code   RO         1528    i.__scatterload_copy  mc_w.l(handlers.o)
    0x08003b4a   0x08003b4a   0x00000002   Code   RO         1529    i.__scatterload_null  mc_w.l(handlers.o)
    0x08003b4c   0x08003b4c   0x0000000e   Code   RO         1530    i.__scatterload_zeroinit  mc_w.l(handlers.o)
    0x08003b5a   0x08003b5a   0x00000002   PAD
    0x08003b5c   0x08003b5c   0x000002c0   Code   RO         1331    i._printf_core      mc_w.l(printf5.o)
    0x08003e1c   0x08003e1c   0x0000000a   Code   RO         1333    i._sputc            mc_w.l(printf5.o)
    0x08003e26   0x08003e26   0x00000002   PAD
    0x08003e28   0x08003e28   0x00000050   Code   RO         1452    i.free              mc_w.l(malloc.o)
    0x08003e78   0x08003e78   0x0000006c   Code   RO         1453    i.malloc            mc_w.l(malloc.o)
    0x08003ee4   0x08003ee4   0x00000010   Data   RO         1035    .rodata.AHBPrescTable  system_stm32f4xx.o
    0x08003ef4   0x08003ef4   0x00000020   Data   RO         1527    Region$$Table       anon$$obj.o


    Execution Region RW_IRAM1 (Exec base: 0x20000000, Load base: 0x08003f18, Size: 0x00001b08, Max: 0x00020000, ABSOLUTE, COMPRESSED[0x000000d0])

    Exec Addr    Load Addr    Size         Type   Attr      Idx    E Section Name        Object

    0x20000000   COMPRESSED   0x00000004   Data   RW         1505    .data               mc_w.l(mvars.o)
    0x20000004   COMPRESSED   0x00000004   Data   RW         1506    .data               mc_w.l(mvars.o)
    0x20000008   COMPRESSED   0x0000000e   Data   RW           25    .data..L_MergedGlobals  hid_bootloader.o
    0x20000016   COMPRESSED   0x00000002   PAD
    0x20000018   COMPRESSED   0x00000018   Data   RW           45    .data..L_MergedGlobals  key.o
    0x20000030   COMPRESSED   0x00000008   Data   RW          856    .data..L_MergedGlobals  stm32f4xx_hal.o
    0x20000038   COMPRESSED   0x00000014   Data   RW          184    .data.CUSTOM_HID_ReportDesc_FS  usbd_custom_hid_if.o
    0x2000004c   COMPRESSED   0x0000001c   Data   RW          164    .data.FS_Desc       usbd_desc.o
    0x20000068   COMPRESSED   0x00000004   Data   RW         1034    .data.SystemCoreClock  system_stm32f4xx.o
    0x2000006c   COMPRESSED   0x00000038   Data   RW         1164    .data.USBD_CUSTOM_HID  usbd_customhid.o
    0x200000a4   COMPRESSED   0x00000029   Data   RW         1166    .data.USBD_CUSTOM_HID_CfgFSDesc  usbd_customhid.o
    0x200000cd   COMPRESSED   0x00000003   PAD
    0x200000d0   COMPRESSED   0x00000029   Data   RW         1167    .data.USBD_CUSTOM_HID_CfgHSDesc  usbd_customhid.o
    0x200000f9   COMPRESSED   0x00000003   PAD
    0x200000fc   COMPRESSED   0x00000009   Data   RW         1165    .data.USBD_CUSTOM_HID_Desc  usbd_customhid.o
    0x20000105   COMPRESSED   0x00000003   PAD
    0x20000108   COMPRESSED   0x0000000a   Data   RW         1169    .data.USBD_CUSTOM_HID_DeviceQualifierDesc  usbd_customhid.o
    0x20000112   COMPRESSED   0x00000002   PAD
    0x20000114   COMPRESSED   0x00000029   Data   RW         1168    .data.USBD_CUSTOM_HID_OtherSpeedCfgDesc  usbd_customhid.o
    0x2000013d   COMPRESSED   0x00000003   PAD
    0x20000140   COMPRESSED   0x00000010   Data   RW          185    .data.USBD_CustomHID_fops_FS  usbd_custom_hid_if.o
    0x20000150   COMPRESSED   0x00000012   Data   RW          165    .data.USBD_FS_DeviceDesc  usbd_desc.o
    0x20000162   COMPRESSED   0x00000002   PAD
    0x20000164   COMPRESSED   0x00000004   Data   RW          166    .data.USBD_LangIDDesc  usbd_desc.o
    0x20000168   COMPRESSED   0x0000001a   Data   RW          167    .data.USBD_StringSerial  usbd_desc.o
    0x20000182   COMPRESSED   0x00000006   PAD
    0x20000188        -       0x00000006   Zero   RW           62    .bss..L_MergedGlobals  main.o
    0x2000018e   COMPRESSED   0x00000002   PAD
    0x20000190        -       0x00000044   Zero   RW           26    .bss..L_MergedGlobals.4  hid_bootloader.o
    0x200001d4        -       0x00000001   Zero   RW         1107    .bss.USBD_SetConfig.cfgidx  usbd_ctlreq.o
    0x200001d5   COMPRESSED   0x00000003   PAD
    0x200001d8        -       0x00000200   Zero   RW          168    .bss.USBD_StrDesc   usbd_desc.o
    0x200003d8        -       0x00000040   Zero   RW           22    .bss.USB_TX_Buffer  hid_bootloader.o
    0x20000418        -       0x0000029c   Zero   RW          140    .bss.hUsbDeviceFS   usb_device.o
    0x200006b4        -       0x00000408   Zero   RW          253    .bss.hpcd_USB_OTG_FS  usbd_conf.o
    0x20000abc        -       0x00000022   Zero   RW           44    .bss.key_buf        key.o
    0x20000ade   COMPRESSED   0x00000002   PAD
    0x20000ae0        -       0x00000020   Zero   RW          553    .bss.pFlash         stm32f4xx_hal_flash.o
    0x20000b00        -       0x00000400   Zero   RW           23    .bss.pageData       hid_bootloader.o
    0x20000f00        -       0x00000004   Zero   RW           21    .bss.updateflag     hid_bootloader.o
    0x20000f04        -       0x00000004   Zero   RW          855    .bss.uwTick         stm32f4xx_hal.o
    0x20000f08        -       0x00000800   Zero   RW            2    HEAP                startup_stm32f411xe.o
    0x20001708        -       0x00000400   Zero   RW            1    STACK               startup_stm32f411xe.o


==============================================================================

Image component sizes


      Code (inc. data)   RO Data    RW Data    ZI Data      Debug   Object Name

       136          8          0          0          0       2174   gpio.o
       756        110          0         14       1160       4989   hid_bootloader.o
       636         28          0         24         34       4858   key.o
       514         16          0          0          6       5079   main.o
        64          8          0          0          0       2855   rtc.o
        36          8        408          0       3072        832   startup_stm32f411xe.o
       196         24          0          8          4       6813   stm32f4xx_hal.o
       228         32          0          0          0       9432   stm32f4xx_hal_cortex.o
       524         24          0          0         32       5144   stm32f4xx_hal_flash.o
       328          4          0          0          0       5955   stm32f4xx_hal_flash_ex.o
       650         24          0          0          0       5021   stm32f4xx_hal_gpio.o
        56          4          0          0          0       1503   stm32f4xx_hal_msp.o
      2544          4          0          0          0      13215   stm32f4xx_hal_pcd.o
        74          0          0          0          0       4149   stm32f4xx_hal_pcd_ex.o
      1128         36          0          0          0       7077   stm32f4xx_hal_rcc.o
       296         16          0          0          0       4498   stm32f4xx_hal_rcc_ex.o
        32          4          0          0          0       1101   stm32f4xx_it.o
       146          4          0          0          0      11656   stm32f4xx_ll_rtc.o
      2358        132          0          0          0      20346   stm32f4xx_ll_usb.o
        76         16         16          4          0       2656   system_stm32f4xx.o
        80         16          0          0        668       2822   usb_device.o
       636         20          0          0       1032      13743   usbd_conf.o
       682          0          0          0          0       6738   usbd_core.o
      1108         28          0          0          1       7146   usbd_ctlreq.o
        52         12          0         36          0       2025   usbd_custom_hid_if.o
       526         30          0        198          0       7114   usbd_customhid.o
       302        116          0         76        512       3236   usbd_desc.o
       128          0          0          0          0       4102   usbd_ioreq.o

    ----------------------------------------------------------------------
     14314        724        456        380       6532     166279   Object Totals
         0          0         32          0          0          0   (incl. Generated)
        22          0          0         20         11          0   (incl. Padding)

    ----------------------------------------------------------------------

      Code (inc. data)   RO Data    RW Data    ZI Data      Debug   Library Member Name

        86          0          0          0          0          0   __dczerorl2.o
         0          0          0          0          0          0   entry.o
         0          0          0          0          0          0   entry10a.o
         0          0          0          0          0          0   entry11a.o
         8          4          0          0          0          0   entry2.o
         4          0          0          0          0          0   entry5.o
         0          0          0          0          0          0   entry7b.o
         0          0          0          0          0          0   entry8b.o
         8          4          0          0          0          0   entry9a.o
        30          0          0          0          0          0   handlers.o
        36          8          0          0          0         68   init.o
        30          0          0          0          0         68   llshl.o
        32          0          0          0          0         68   llushr.o
       188         20          0          0          0        160   malloc.o
        26          0          0          0          0         80   memcmp.o
        36          0          0          0          0         68   memcpya.o
        36          0          0          0          0        108   memseta.o
         0          0          0          8          0          0   mvars.o
       754         52          0          0          0        252   printf5.o
        98          0          0          0          0         92   uldiv.o

    ----------------------------------------------------------------------
      1378         88          0          8          0        964   Library Totals
         6          0          0          0          0          0   (incl. Padding)

    ----------------------------------------------------------------------

      Code (inc. data)   RO Data    RW Data    ZI Data      Debug   Library Name

      1372         88          0          8          0        964   mc_w.l

    ----------------------------------------------------------------------
      1378         88          0          8          0        964   Library Totals

    ----------------------------------------------------------------------

==============================================================================


      Code (inc. data)   RO Data    RW Data    ZI Data      Debug   

     15692        812        456        388       6532     166643   Grand Totals
     15692        812        456        208       6532     166643   ELF Image Totals (compressed)
     15692        812        456        208          0          0   ROM Totals

==============================================================================

    Total RO  Size (Code + RO Data)                16148 (  15.77kB)
    Total RW  Size (RW Data + ZI Data)              6920 (   6.76kB)
    Total ROM Size (Code + RO Data + RW Data)      16356 (  15.97kB)

==============================================================================

